[conjecture+multiplicative+a(p^e)] 6 newly labelled
[conjecture+Schulte+multiplicative] 0 newly labelled
[conjecture+Bala+sequence] 14 newly labelled
[conjecture+eventually+periodic+modulo] 31 newly labelled
[conjecture+strong+divisibility+sequence] 9 newly labelled
[conjecture+odd+iff+binary] 8 newly labelled
[conjecture+2-adic+valuation+a(n)] 16 newly labelled

84 candidates, 1109 entries examined so far

A361132  [nonn,mult]  Multiplicative with a(p^e) = e^4, p prime and e > 0.
    (comment) Conjecture: log(log(c(k)))/k converges to a constant (around 0.315).
A000224  [nonn,easy,nice,mult]  Number of squares mod n.
    (comment) Conjecture: n^2 == 1 (mod a(n)*(a(n)-1)) if and only if n is an odd prime. - _Thomas Ordowski_, Apr 13 2025
A051064  [nonn,easy,nice,mult]  3^a(n) exactly divides 3n. Or, 3-adic valuation of 3n.
    (formula) Conjecture: a(n) = A007949(A000045(4*n)), all other 3-adic quadrisections A007949(A000045(.))=0. [Lengyel?]. - _R. J. Mathar_, Jun 28 2025
A208895  [nonn,mult]  Number of non-congruent solutions to x^2 + y^2 + z^2 + t^2 == 1 (mod n).
    (formula) Conjecture: a(n) = n*Sum_{d|2*n} d^2*mu(2*n/d)/3. - _Gionata Neri_, Feb 18 2018
A299406  [sign,mult]  Dirichlet g.f.: Sum_{n>0} a(n)/n^s = (zeta(s)*zeta(6*s))/(zeta(2*s)*zeta(3*s))
    (formula) Conjecture: a(n) = A008836(n) * A210826(n).
A336838  [nonn,frac]  Numerator of the arithmetic mean of the divisors of A003961(n).
    (comment) Conjecture: For all primes p with an odd exponent e, a(p^e) is a multiple of A048673(p). Note that q+1 is a divisor of (q+1)^e - sigma(q^e) = (q+1)^e - (1 + q + q^2 + ... + q^e) when e is odd, thus also A048673(p) = (q+1)/2 is, wh
A002878  [nonn,easy]  Bisection of Lucas sequence: a(n) = L(2*n+1).
    (comment) Conjecture: for n > 0, a(n) = sqrt(Fibonacci(4*n+3) + Sum_{k=2..2*n} Fibonacci(2*k)). - _Alex Ratushnyak_, May 06 2012
    (comment) Conjecture: except for the number 3, a(n) are the numbers such that a(n)^2+2 are Lucas numbers. - _Michel Lagneau_, Jul 22 2014
A108625  [nonn,tabl]  Square array, read by antidiagonals, where row n equals the crystal ball seque
    (formula) Conjecture: for positive integer m, Sum_{k = 0..n} (-1)^(n+k) * binomial(n, k) * T(m*n, k) = ((m+1)*n)!/( ((m-1)*n)!*n!^2) (verified up to m = 10 using the MulZeil procedure in Doron Zeilberger's MultiZeilberger package). (End)
A004737  [nonn,frac,easy,tabf]  Concatenation of sequences (1,2,...,n-1,n,n-1,...,1) for n >= 1.
    (comment) Let U_1(t)=1, U_2(t)=2*t, and U_r(t)=2*t*U_(r-1)(t)-U(r-2)(t), r>2, be Chebyshev polynomials of the second kind. For q>1 an integer, let N=2*q and x_k=cos((2*k-1)*Pi/N), and define the ordered column vectors V_k=[U_k(x_1), U_k(x_2
A198631  [sign,easy,frac]  Numerators of the rational sequence with e.g.f. 1/(1+exp(-x)).
    (formula) Conjecture: r(n) = Sum_{k=0..n} A001147(k) * A039755(n, k) * (-1)^k / (k+1) where r(n) = a(n) / A006519(n+1) = (n!) * ([x^n] (2 / (1 + exp(-x)))), for n >= 0. - _Werner Schulte_, Feb 16 2024
A042977  [sign,tabl,look]  Triangle T(n,k) read by rows: coefficients of a polynomial sequence occurring 
    (comment) Conjecture: the polynomials have no real roots greater than or equal to -1. This is equivalent to the statement that the derivatives of the 0th branch of the Lambert W function have no real roots greater than -1/e. - _Colin Linzer
A092765  [nonn,easy]  Consider the 1-D random walk with jumps to next-nearest neighbors. Sequence gi
    (formula) Conjecture: the stronger congruences a(n*p^k) == a(n*p^(k-1)) ( mod p^(2*k) ) hold for any prime p, except p = 3, and positive integers n and k.(End)
A124435  [nonn,easy]  Number of effective multiple alignments of three equal-length sequences.
    (formula) Conjecture: the supercongruence a(n*p^r) == a(n*p^(r-1)) (mod p^(2*r)) holds for positive integers n and r and all primes p >= 5. (End)
A060011  [nonn,base]  Schizophrenic sequence: these are the repeating digits in the decimal expansio
    (comment) Conjecture: same as the repeating digits in the decimal expansion of 1/9*sqrt(1 - 1/10^n).
    (comment) Conjecture: same as the digital root of the trisection of the Catalan numbers: a(n) = A130856(3*n). - _Christian Krause_, Nov 26 2022
A112521  [easy,nonn]  Sequence related to NOR bracketings.
    (comment) Conjecture: Starting with n=1, a(n) is the main diagonal of the array defined as T(1,1) = 1, T(i,j) = 0 if i<1 or j<1, T(n,k) = T(n,k-2) + T(n,k-1) -2*T(n-1,k-1) + T(n-1,k) + T(n-2,k). - _Gerald McGarvey_, Oct 07 2008
A238977  [nonn,easy]  Number of ballot sequences of length n with exactly 2 fixed points.
    (formula) Conjecture: a(n+3) ==  1 (mod n) iff n is coprime to 2 and 3, that is, iff n is a term of A007310. (End)
A321942  [nonn,easy]  A sequence related to the Euler-Gompertz constant.
    (formula) Conjecture: Integral_{x = 0..oo} (x/(1 + x))^n*exp(-x) dx = 1/(n-1)!*( a(n) - A000262(n)*G ), where G = Integral_{x = 0..oo} exp(-x)/(1 + x) dx is the Euler-Gompertz constant A073003. - _Peter Bala_, Mar 20 2022
A212344  [nonn]  Sequence of coefficients of x^(n-3) in marked mesh pattern generating function
    (formula) Conjecture: (n-2)*a(n) = 2*(2n-7)*a(n-1). _R. J. Mathar_, Jun 27 2012
A000700  [nonn,easy,nice]  Expansion of Product_{k>=0} (1 + x^(2k+1)); number of partitions of n into dis
    (formula) Conjecture: Sum_{k>=0} a(k) / exp(k*Pi) = 2^(1/4) * exp(-Pi/24) = A292828. - _Simon Plouffe_, Sep 09 2025
A002162  [nonn,cons,changed]  Decimal expansion of the natural logarithm of 2.
    (formula) Conjecture: for k >= 0 and r even with r - 1 <= k, the series Sum_{n >= 1} (-1)^n * (d/dn)^r (P(n,k)) / (P(n,k)^2  = A(r,k)*log(2) + B(r,k), where A(r,k) and B(r,k) are both rational numbers. (End)
A052895  [easy,nonn]  Expansion of e.g.f. (1/2)/(exp(x) - 1) * (1 - (5 - 4*exp(x))^(1/2)).
    (formula) Conjecture: for fixed k = 1,2,..., the sequence a(n) (mod k) is eventually periodic with the exact period dividing phi(k), where phi(k) is the Euler totient function A000010. For example, modulo 10 the sequence becomes (1, 1, 5, 3
A126156  [nonn]  Expansion of e.g.f. sqrt(sec(sqrt(2)*x)), showing coefficients of only the eve
    (comment) Conjecture: the sequence {a(n)} reduced modulo a positive integer k is eventually periodic with the period dividing phi(k), where phi(n) = A000010(n). An example is given below. - _Peter Bala_, Mar 01 2026
A281180  [nonn,easy]  a(n) = (2*n-1)! * [x^(2*n-1)] S(x), where S(x) = Integral (1 + S(x)^2)^2 dx.
    (comment) Conjecture: the sequence {a(n)} reduced modulo a positive integer k is eventually periodic with the period dividing phi(k)^2, where phi(n) = A000010(n). An example is given below. - _Peter Bala_, Feb 18 2026
A000657  [nonn,nice,easy]  Median Euler numbers (the middle numbers of Arnold's shuttle triangle).
    (comment) Conjecture: taking the sequence modulo an integer k gives an eventually purely periodic sequence with period dividing phi(k). For example, the sequence taken modulo 9 begins [1, 1, 4, 1, 7, 4, 1, 7, 4, 1, 7, ...] with an apparent 
A064618  [nonn,easy]  Stirling transform of (n!)^2.
    (comment) Conjecture: for fixed k = 1,2,..., the sequence a(n) (mod k) is eventually periodic with the exact period dividing phi(k), where phi(k) is the Euler totient function A000010. For example, modulo 10 the sequence becomes (1, 1, 5, 9
A281183  [nonn,easy]  E.g.f. C(x)^2 = cosh( Integral C(x)^3 dx )^2 where C(x) is described by A28118
    (comment) Conjecture: the sequence {a(n)} taken modulo a positive integer k is eventually periodic with the period dividing phi(k)^2, where phi(n) = A000010(n). An example is given below. - _Peter Bala_, Feb 16 2026
A281184  [nonn,easy]  E.g.f. C(x)^3 = d/dx log(C(x) + S(x)), where C(x) and S(x) are described by A2
    (comment) Conjecture: the sequence {a(n)} taken modulo a positive integer k is eventually periodic with the period dividing phi(k)^2, where phi(n) = A000010(n). An example is given below. - _Peter Bala_, Feb 16 2026
A354242  [nonn]  Expansion of e.g.f. 1/sqrt(5 - 4 * exp(x)).
    (comment) Conjecture: Let k be a positive integer. The sequence obtained by reducing a(n) modulo k is eventually periodic with the period dividing phi(k) = A000010(k). For example, modulo 16 we obtain the sequence [1, 2, 14, 14, 6, 14, 6, 1
A179929  [sign,easy]  a(n) = 2^n*A(n, -1/2), A(n, x) the Eulerian polynomials.
    (comment) Conjecture: the sequence {a(n)} reduced modulo a positive integer k is eventually periodic with period a divisor of phi(k), where phi() = A000010(k). For example, modulo 11 the sequence becomes [1, 2, 2, 5, 3, 9, 2, 8, 5, 4, 0, 2,
A259533  [nonn,easy]  Number of restricted barred preferential arrangements of an n-set having 3 bar
    (comment) Conjecture: for fixed k = 1,2,..., the sequence obtained by reducing a(n) modulo k is eventually periodic with the exact period dividing phi(k), where phi(k) is the Euler totient function A000010. For example, modulo 24 the sequen
A276371  [nonn,easy]  Expansion of e.g.f. exp(x/2)/(2 - exp(2*x))^(1/4).
    (comment) Conjecture: the sequence a(n) taken modulo a positive integer k is eventually periodic with the period dividing phi(k). For example, the sequence taken modulo 21 begins [1, 1, 3, 19, 9, 19, 9, 1, 3, 19, 9, 19, 9, 1, 3, 19, 9, 19, 
A320352  [nonn]  Expansion of e.g.f. (exp(x) - 1)/(exp(x) - exp(2*x) + 1).
    (comment) Conjecture: Let k be a positive integer. The sequence obtained by reducing a(n) modulo k is eventually periodic with the period dividing phi(k) = A000010(k). For example, modulo 9 we obtain the sequence [0, 1, 3, 1, 6, 4, 0, 7, 3,
A354253  [nonn]  Expansion of e.g.f. 1/sqrt(9 - 8 * exp(x)).
    (comment) Conjecture: Let k be a positive integer. The sequence obtained by reducing a(n) modulo k is eventually periodic with the period dividing phi(k) = A000010(k). For example, modulo 7 we obtain the sequence [1, 4, 3, 2, 3, 0, 0, 4, 3,
A012780  [nonn]  Expansion of e.g.f. arcsin(tan(x)) (odd powers only).
    (comment) Conjecture: the sequence {a(n)} reduced modulo a positive integer k is eventually periodic with the period dividing phi(k). For example, the sequence taken modulo 7 begins [1, 3, 3, 0, 4, 4, 0, 3, 3, 0, 4, 4, 0, ...], with an appa
A143139  [nonn,easy]  E.g.f.: A(x) = exp(x + A(x)^2) - 1.
    (comment) Conjecture: the sequence {a(n)} reducced modulo a positive integer k is eventually periodic with the period dividing phi(k), where phi(n) = A000010(n). For example, modulo 14 the sequence becomes [1, 3, 11, 1, 13, 1, 1, 3, 11, 1, 
A258899  [nonn]  E.g.f.: 2 - exp(2) + Sum_{n>=1} 2^n * exp(x^n) / n!.
    (comment) Conjecture: the sequence a(n) taken modulo a positive integer k is eventually periodic with the period dividing phi(k). For example, the sequence taken modulo 11 is [1, 2, 6, 10, 9, 1, 5, 9, 8, 7, 10, 4, 6, 10, 7, 1, 0, 9, 5, 8, 3
A355409  [nonn]  Expansion of e.g.f. 1/(1 + exp(2*x) - exp(3*x)).
    (comment) Conjecture: Let k be a positive integer. The sequence obtained by reducing a(n) modulo k is eventually periodic with period dividing phi(k) = A000010(k). For example, modulo 9 we obtain the sequence [1, 1, 7, 1, 4, 1, 1, 1, 7, 1, 
A365777  [nonn,easy]  Expansion of e.g.f. (exp(2*x) / (2 - exp(2*x)))^(3/4).
    (comment) Conjecture: the sequence a(n) taken modulo a positive integer k is eventually periodic with the period dividing phi(k). For example, the sequence taken modulo 21 begins [1, 3, 15, 12, 18, 6, 9, 3, 15, 12, 18, 6, 9, 3, 15, 12, 18, 
A143138  [nonn,easy]  E.g.f.: A(x) = x + (exp(A(x)) - 1)^2.
    (comment) Conjecture: the sequence {a(n)} reduced modulo a positive integer k is eventually periodic with the period dividing phi(k), where phi(n) = A000010(n). For example, modulo 24 the sequence becomes [1, 2, 18, 14, 18, 14, 18, 14, ...]
A162314  [easy,nonn]  Row sums of A162313.
    (comment) Conjecture: for fixed k = 1,2,..., the sequence obtained by reducing a(n) modulo k is eventually periodic with the exact period dividing phi(k), where phi(k) is the Euler totient function A000010. For example, modulo 24 the sequen
A258903  [nonn]  E.g.f.: 2 - exp(2) + Sum_{n>=1} 2^n * exp(3*x^n) / n!.
    (comment) Conjecture: the sequence a(n) taken modulo a positive integer k is eventually periodic with the period dividing phi(k). For example, the sequence taken modulo 7 is [6, 2, 1, 6, 1, 4, 5, 2, 1, 0, 1, 5, 5, 2, 1, 0, 1, 5, 5, 2, 1, 0,
A301921  [nonn]  Expansion of e.g.f. 1/(1 - (exp(x) - 1)/(1 - (exp(x) - 1)^2/(1 - (exp(x) - 1)^
    (comment) Conjecture: Let k be a positive integer. The sequence obtained by reducing a(n) modulo k is eventually periodic with the period dividing phi(k) = A000010(k). For example, modulo 9 we obtain the sequence [0, 1, 3, 1, 6, 4, 0, 7, 3,
A306082  [nonn]  Expansion of e.g.f. Product_{k>=1} 1/(1 - (exp(x) - 1)^(k^2)).
    (comment) Conjecture: for positive integer k, reducing the sequence modulo k produces an eventually periodic sequence with period dividing phi(k) = A000010(k). For example, modulo 7 we obtain the sequence [1, 1, 3, 6, 1, 5, 6, 1, 3, 6, 1, 5
A316142  [nonn,easy]  Expansion of e.g.f. Product_{k>=1} (1 + (exp(x)-1)^k)^2.
    (comment) Conjecture: Let k be a positive integer. The sequence obtained by reducing a(n) modulo k is eventually periodic with the period dividing phi(k) = A000010(k). For example, modulo 7 we obtain the sequence [1, 2, 1, 0, 0, 2, 2, 2, 1,
A316143  [nonn,easy]  Expansion of e.g.f. Product_{k>=1} 1 / (1 - (exp(x)-1)^k)^2.
    (comment) Conjecture: Let k be a positive integer. The sequence obtained by reducing a(n) modulo k is eventually periodic with the period dividing phi(k) = A000010(k). For example, modulo 7 we obtain the sequence [1, 2, 5, 1, 2, 6, 0, 2, 5,
A316144  [nonn,easy]  Expansion of e.g.f. Product_{k>=1} ((1 + (exp(x)-1)^k) / (1 - (exp(x)-1)^k))^2
    (comment) Conjecture: Let k be a positive integer. The sequence obtained by reducing a(n) modulo k is eventually periodic with the period dividing phi(k) = A000010(k). For example, modulo 7 we obtain the sequence [1, 4, 0, 2, 5, 3, 2, 4, 0,
A365782  [nonn,easy]  Expansion of e.g.f. 1 / (3 - 2 * exp(2*x))^(1/4).
    (comment) Conjecture: the sequence a(n) taken modulo a positive integer k is eventually periodic with the period dividing phi(k). For example, the sequence taken modulo 21 begins [1, 1, 7, 16, 13, 7, 10, 1, 7, 16, 13, 7, 10, 1, 7, 16, 13, 7
A365794  [nonn,easy]  Expansion of e.g.f. 1 / (3 - 2 * exp(2*x))^(3/4).
    (comment) Conjecture: the sequence a(n) taken modulo a positive integer k is eventually periodic with the period dividing phi(k). For example, the sequence taken modulo 7 begins [1, 3, 6, 5, 3, 6, 5, 3, 6, 5, ...] with an apparent period of
A281440  [nonn,easy]  E.g.f. C(x) satisfies: C(x) = cosh( Integral C(x)^7 dx ).
    (comment) Conjecture: the sequence {a(n)} reduced modulo a positive integer k is eventually periodic with the period dividing phi(k)^2, where phi(n) = A000010(n). An example is given below. - _Peter Bala_, Feb 19 2026
A383165  [sign,easy]  Expansion of e.g.f. log(1 + (exp(2*x) - 1)/2)^2 / 2.
    (comment) Conjecture: the sequence {a(n)} reduced modulo a positive integer k is eventually periodic. For example, modulo 5 the sequence becomes [0, 0, 1, 3, 3, 0, 0, 2, 3, 2, 0, 1, 3, 4, 0, 0, 3, 1, 0, 4, 3, 3, 0, 3, 3, 0, 0, 2, 3, 2, 0, 1
A383166  [sign,easy]  Expansion of e.g.f. log(1 + (exp(2*x) - 1)/2)^3 / 6.
    (comment) Conjecture: the sequence {a(n)} reduced modulo a positive integer k is eventually periodic. For example, modulo 5 the sequence becomes [0, 0, 0, 1, 1, 0, 0, 0, 3, 2, 0, 0, 1, 4, 3, 0, 0, 1, 4, 0, 0, 3, 3, 0, 1, 0, 0, 0, 3, 2, 0, 0
A329012  [nonn,easy]  a(n) = p(1,n), where p(x,n) is the strong divisibility sequence of polynomials
    (comment) a(n) is a strong divisibility sequence; i.e., gcd(a(h),a(k)) = a(gcd(h,k)). Conjecture: there is no upper bound for the number of consecutive equal digits among numbers in this sequence, as suggested, for example, by 34 straight 1
A352394  [nonn]  a(n) = n for n <= 3; let i = a(n-2) and j = a(n-1); a(n+1) = least k not alrea
    (comment) Conjecture: sequence is not a permutation of natural numbers. Proof sketch: Since either i | k or k | i, and defining m as the smaller of the 2 terms, as n increases, it becomes harder to reach all numbers through multiplication o
A033485  [nonn,nice,easy]  a(n) = a(n-1) + a(floor(n/2)), a(1) = 1.
    (formula) Conjecture: lim_{n->oo} a(2n)/a(n)*log(n)/n = c = 1.64.... and a(n)/A(n) is bounded where A(n)=1 if n is a power of 2, otherwise A(n) = sqrt(n)*Product_{k<log_2(n)} n/2^k/log(n/2^k)). - _Benoit Cloitre_, Jan 26 2003
A002814  [nonn,easy,nice]  For n > 1: a(n) = a(n-1)^3 + 3*a(n-1)^2 - 3; a(0) = 1, a(1) = 2.
    (comment) Conjecture: The sequence {a(n) - 2: n >= 1} is a strong divisibility sequence, that is, gcd(a(n) - 2, a(m) - 2) = a(gcd(n, m)) - 2 for n, m >= 1. [added Jul 26 2026: This is correct - see the Bala link. More generally, for k >= 1,
A006689  [easy,nonn]  Number of deterministic, completely-defined, initially-connected finite automa
    (formula) Conjecture: a(n) = n * P(n+1, n+1) where P(n, k) = P(n-1, k) + (n-1) * P(n, k-1) for 1 < k < n with P(n, 1) = 1, P(n, n) = (n-1) * P(n, n-1). - _Mikhail Kurkov_, Jun 01 2026
A144837  [nonn,easy]  a(n) = Lucas(5^n).
    (formula) Conjecture: a(n+1) == a(n) (mod 5^(n+r+1)) for n >= r.
A124129  [fini,nonn]  Primes p for which there are no primes between p and p+sqrt(p).
    (comment) Conjecture: there are no other terms.
A002000  [nonn,easy]  a(n+1) = a(n)*(a(n)^2 - 3) with a(0) = 7.
    (formula) Conjecture: a(n+1) == a(n) (mod 3^(n+r+2)) for n >= r.
A349948  [nonn,easy]  Tetrahedral-sided isosceles Heron triangle pairs.
    (comment) Conjecture: for k a positive integer, the sequence {a(k^n): n >= 1} is a strong divisibility sequence; that is, for n, m >= 1,  gcd(a(k^n), a(k^m)) = a(k^gcd(n,m)). - _Peter Bala_, Dec 03 2022
A022544  [nonn,nice]  Numbers that are not the sum of 2 squares.
    (comment) Conjecture: if k is not the sum of 2 squares then sigma(k) == 0 (mod 4) (the converse does not hold, as demonstrated by the entries in A025303). - _Benoit Cloitre_, May 19 2002
A295432  [nonn,easy]  a(n) = (12*n)!*(3*n)!*(2*n)!/((6*n)!*(6*n)!*(4*n)!*n!).
    (formula) Conjecture: for n >= 1, 6*(6*n + 1)*(12*n - 1) divides a(n).(End)
A396843  [nonn]  G.f. A(x) satisfies A( x*A(x) - 3*x*A(x)^2 ) = x^2.
    (comment) Conjecture: all terms are odd.
    (comment) Conjecture: for n > 3, a(n) == 1 (mod 9) iff n is of the form 4^k+1, otherwise a(n) is divisible by 9. [This conjecture is false: n=5=4^1+1, but a(5)=975 == 3 (mod 9), not 1. - _Danial Asaria_, Jul 26 2026]
A396844  [nonn]  G.f. A(x) satisfies A( x*A(x) - 4*x*A(x)^2 ) = x^2.
    (comment) Conjecture: for n > 8, a(n) == 12 (mod 16) iff n is of the form 2*4^k+1 otherwise a(n) is divisible by 16.
A267681  [nonn]  Decimal representation of the n-th iteration of the "Rule 201" elementary cell
    (formula) Conjecture: a(n) = 2*4^n - (n%2*2 + [n]*5)*2^(n-1) - 1, where [n] = 1 iff n > 0; n%2 = 1 iff n is odd. - _M. F. Hasler_, Jul 28 2018
A262534  [nonn,fini,full]  Numbers k such that phi(k-2) = phi(k-1) = (k-1) / 2.
    (comment) Conjecture: next term is 4294967297.
A380558  [nonn]  G.f. A(x) satisfies A(x - A(x)) = x^2/(1 - x^2).
    (comment) Conjecture: a(n) is odd iff n = 2*A004760(k) for some k > 1, where A004760 lists numbers whose binary expansion does not begin 10.
A389540  [sign]  G.f. A(x) satisfies A(x)^2 = A(2*x - 2*A(x)) / 2.
    (comment) Conjecture: a(n) is odd iff n = 2^k for k >= 0.
A330569  [nonn,easy,mult]  a(n) = 1 if n is odd, otherwise a(n) = 2^(v-1)+1 where v is the 2-adic valuati
    (comment) Conjecture: a(n) is the height of the bottom region in column n of the Conant gasket in A328078.
A173989  [nonn,easy]  a(n) is the 2-adic valuation of A173300(n).
    (comment) Conjecture: always follows the pattern A, A, A+1, A, where A is an odd number.
A343249  [nonn]  a(n) is the least k0 <= n such that v_2(n), the 2-adic order of n, can be obta
    (comment) Conjecture: a(n) is the greatest power of a prime different from 2 that divides n.
A382357  [nonn,base]  Lexicographically earliest sequence of distinct positive integers such that th
    (comment) Conjecture: this sequence is a permutation of the positive integers.
A005867  [nonn,easy,nice]  a(0) = 1; for n > 0, a(n) = (prime(n)-1)*a(n-1).
    (comment) Conjecture: The g.f. for the prime(n+1)-rough numbers (A000027, A005408, A007310, A007775, A008364, A008365, A008366, A166061, A166063) is x*P(x)/(1-x-x^a(n)+x^(a(n)+1)), where P(x) is an order a(n) polynomial with symmetric coeff
A372030  [nonn]  Lexicographically earliest sequence of distinct positive integers such that fo
    (comment) Conjecture: this sequence is a permutation of the positive integers.
A341684  [nonn,base]  Expansion of the 2-adic integer Sum_{k>=0} k!.
    (comment) Conjecture: this constant is transcendental, which means that it is not the root of any polynomial with integer coefficients.
    (comment) Conjecture: this constant is normal, which means for every binary (base-2) string s with length k, if we denote N(s,n) as the number of occurrences of s in the first n digits, then lim_{n->inf} N(s,n)/n = 1/2^k.
A372031  [nonn]  Lexicographically earliest sequence of distinct positive integers such that fo
    (comment) Conjecture: this sequence is a permutation of the positive integers.
A363411  [sign,easy]  a(n) = the real part of Product_{k = 0..n} 1 + k*sqrt(-3).
    (formula) Conjecture: the 5-adic valuation v_5(a(n+2)) = A079998(n) (checked up to n =
A007820  [nonn,easy]  Stirling numbers of second kind S(2n,n).
    (comment) Conjecture: a(2*n+1) is divisible by (2*n + 1)^2. - _Peter Bala_, Mar 30 2025
A328078  [nonn,nice]  Number of regions after n generations of Jim Conant's iterative dissection of 
    (comment) Conjecture: The left half of the dissection at generation n is essentially the same as the whole of the dissection at generation n-1. To see this, take the dissection at generation n-1, rotate it counterclockwise by 90 degrees, th
A095121  [easy,nonn]  Expansion of (1-x+2x^2)/((1-x)*(1-2x)).
    (comment) Conjecture: a(n) is the least m>0 such that A007814(A000108(m)) = n, where A000108 gives the Catalan numbers and A007814(x) is the 2-adic valuation of x (cf. A048881). - _L. Edson Jeffery_, Nov 26 2015
A053175  [nonn,nice]  Catalan-Larcombe-French sequence.
    (comment) Conjecture: Let P(n) be the (n+1) X (n+1) Hankel-type determinant with (i,j)-entry equal to a(i+j) for all i,j = 0,...,n. Then P(n)/2^(n*(n+3)) is a positive odd integer. - _Zhi-Wei Sun_, Aug 14 2013
A163000  [nonn,base]  Count of integers x in [0,n] satisfying A000120(x) + A000120(n-x) = A000120(n)
    (formula) Conjecture: a(n) = A033264(n)* 2^(A000120(n)-1); from [Davis & Webb]. - _R. J. Mathar_, Jul 28 2017
A007335  [nonn,easy,nice]  MU-numbers: next term is uniquely the product of 2 earlier terms.
    (formula) Conjecture: Sum_{n>=1} 1/a(n) = 181/144. - _Amiram Eldar_, Jul 31 2022
A289682  [nonn,easy]  Catalan numbers read modulo 16.
    (comment) Conjecture: a(2^n-1) = 13 and a(2^n) = 6 for n >= 3. - _Robert Israel_, Jul 09 2017
