[conjecture+gcd+multiplicative] 39 newly labelled
[conjecture+sum+gcd+phi] 24 newly labelled
[conjecture+multiplicative+prime+power] 33 newly labelled
[conjecture+dirichlet+generating+function] 10 newly labelled
[conjecture+moebius+transform] 17 newly labelled
[conjecture+inverse+binomial+transform] 26 newly labelled
[conjecture+p-adic+valuation+factorial] 4 newly labelled
[conjecture+GF(2)+polynomial] 10 newly labelled

163 candidates, 573 entries examined s[conjecture+harmonic+number+prime] 26 newly labelled
[conjecture+stirling+numbers+prime] 8 newly labelled
[conjecture+binary+expansion+odd] 24 newly labelled
[conjecture+divides+a(n)+prime] 38 newly labelled
[conjecture+squarefree+iff] 13 newly labelled
[conjecture+periodic+modulo] 27 newly labelled

305 candidates, 894 entries examined so far

A034448  [nonn,easy,nice,mult]  usigma(n) = sum of unitary divisors of n (divisors d such that gcd(d, n/d)=1);
    (formula) Conjecture: a(n) = sigma(n^2/rad(n))/sigma(n/rad(n)), where sigma = A000203 and rad = A007947. - _Velin Yanev_, Aug 20 2017
A018804  [nonn,mult]  Pillai's arithmetical function: Sum_{k=1..n} gcd(k, n).
    (comment) Conjecture: n>1 divides a(n)+1 iff n is prime. - _Thomas Ordowski_, Oct 22 2014
A280864  [nonn,nice]  Lexicographically earliest infinite sequence of distinct positive terms such t
    (comment) After seeing a(n), let S be smallest missing number (A280740) and let prime(G) be largest prime already appearing in the sequence. Conjecture: Prime(G) < S <= prime(G+1), and a(35) = 25 = S is the only nonprime S term (following a
    (comment) Conjecture: apart from 1 and 2*q where q is a Type II prime (in A280745), squarefree numbers enter after all their divisors already appear in the sequence. This holds for the first 740581 squarefree numbers in this sequence. (End)
A008590  [nonn,easy]  Multiples of 8.
    (comment) Conjecture: let gcd_2(b,c) be the second greatest common divisor and lcd_2(b,c) be the second least common divisor of not coprime integers b and c. Consecutive elements of this sequence (for a(n) > 0) are consecutive integers m fo
A003989  [tabl,nonn,easy,nice,mult]  Triangle T from the array A(x, y) = gcd(x,y), for x >= 1, y >= 1, read by anti
    (comment) Imagine a torus having regular polygonal cross-section of m sides. Now, break the torus and twist the free ends, preserving rotational symmetry, then reattach the ends. Let n be the number of faces passed in twisting the torus bef
A344695  [nonn]  a(n) = gcd(sigma(n), psi(n)), where sigma is the sum of divisors function, A00
    (comment) Conjecture: the set of primes that appear in the sequence is A065091 (the odd primes). 5 does not appear as a term until a(366025) = 5, where 366025 = 5^2 * 11^4. At this point, the missing numbers less than 22 are 2, 10 and 17. 1
A066840  [nonn]  Sum of positive integers k where k <= n/2 and gcd(k,n) = 1.
    (formula) Conjecture: a(n) = n*phi(n)/8 + O(n). - _Thomas Ordowski_, Nov 12 2014
A378980  [nonn]  Numbers k such that (A003961(k)-2*k) divides (A003961(k)-sigma(k)), where A003
    (comment) Conjecture: Apart from a(5)=6, this is a subsequence of A319630, i.e., for all terms k<>6, gcd(k, A003961(k)) = 1. See also A372562, A372566.
A101035  [easy,nice,sign,mult]  Dirichlet inverse of the gcd-sum function (A018804).
    (formula) Conjecture: Logarithmic g.f. Sum_{n>0,k>0} mu(n)*mu(k)*log(1/(1-x^(n*k))). - _Benedict W. J. Irwin_, Jul 26 2017
A254077  [nonn]  a(n) = n if n <= 3, otherwise the smallest number not occurring earlier such t
    (comment) Conjecture: The sequence is infinite (that is, a(n) always exists).
    (comment) Conjecture: The sequence is a permutation of the natural numbers.
A293482  [nonn,mult]  The number of 5th powers in the multiplicative group modulo n.
    (formula) Conjecture: a(2^e) = 1 for e <= 1; a(2^e) = 2^(e-1) for e >= 1; a(5)=4; a(5^e) = 4*5^(e-2) for e > 1; a(p^e) = (p-1)*p^(e-1) for p == {2,3,4} (mod 5); a(p^e) = (p-1)*p^(e-1)/5 for p == 1 (mod 5). - _R. J. Mathar_, Oct 13 2017
A127202  [nonn]  a(1)=1, a(2)=2; a(n) = the smallest positive integer not occurring earlier in 
    (comment) Conjecture: The two lines in the graph are (apart from small local deviations) defined by the same equations as the two lines in the graph of A283312. - _N. J. A. Sloane_, Mar 12 2017
A338444  [nonn]  Lexicographically earliest sequence of distinct squarefree numbers such that f
    (comment) Conjecture: this sequence is a permutation of the squarefree numbers (A005117).
A350072  [nonn]  a(n) = sigma(n^2) / gcd(sigma(n^2), A003961(n^2)), where A003961 shifts the pr
    (comment) Conjecture: There are no 1's after the initial term. Remark: If there were some k = x^2 > 1, for which a(x) = 1, then sigma(k) would be a divisor of A003961(k). In other words, d = A350073(k) = A064989(sigma(k)) would be a divisor
A251637  [nonn,tabl]  Square array read by antidiagonals containing in row n the multiples of prime(
    (comment) conjecture: A098550 is a permutation of the positive integers iff A001221(n) = number of rows containing n.
A293483  [nonn,mult]  The number of 6th powers in the multiplicative group modulo n.
    (formula) Conjecture: a(2^e) = 1 for e <= 3; a(2^e) = 2^(e-3) for e >= 3; a(3^e) = 1 for e <= 2; a(3^e) = 3^(e-2) for e >= 2; a(p^e) = (p-1)*p^(e-1)/2 for p == 5 (mod 6); a(p^e) = (p-1)*p^(e-1)/6 for p == 1 (mod 6). - _R. J. Mathar_, Oct 13
A293484  [nonn,mult]  The number of 7th powers in the multiplicative group modulo n.
    (formula) Conjecture: a(2^e) = 1 for e <= 1; a(2^e) = 2^(e-1) for e >= 1; a(7^e) = 6 for e=1; a(7^e) = 6*7^(e-2) for e >= 2; a(p^e) = (p-1)*p^(e-1) for p == {2,3,4,5,6} (mod 7); a(p^e) = (p-1)*p^(e-1)/7 for p == 1 (mod 7). - _R. J. Mathar_,
A175625  [nonn]  Numbers k such that gcd(k, 6) = 1, 2^(k-1) == 1 (mod k), and 2^(k-3) == 1 (mod
    (comment) Conjecture: The prime values belong to A039787. - _Bill McEachen_, Dec 27 2023
A066803  [nonn]  a(n) = gcd(2^n + 1, 3^n + 1).
    (comment) Conjecture: a(2^k) = 1 for k != 1. That is to say, there is no prime p > 5 such that ord(2,p) and ord(3,p) is the same power of 2, where ord(a,p) is the multiplicative order of a modulo p. - _Jianing Song_, Nov 20 2021
A347228  [sign]  Dirichlet inverse of A344695, gcd(sigma(n), psi(n)).
    (comment) Conjecture: No zeros occur as terms. Checked up to n = 2^21.
A353917  [nonn]  a(1) = 4. Let j = a(n-1) and let m = omega(gcd(j, k)) with gcd(j, k) > 1. For 
    (comment) Conjecture: permutation of composite numbers.
A374603  [nonn,frac]  Numerators of sorted rationals r(n) of the form k/d, where d=(i+1)^m, 1 <= m <
    (comment) Conjecture: It appears that Pi*r(n) + sqrt(n) ~~ A002410(n), where '~~' means 'close to'. The relative error is less than +-0.001 for n ranging from 100000 to 400000.
A397127  [nonn]  Lexicographically earliest sequence of distinct numbers k that are neither squ
    (comment) Conjecture: There are no more duplex blocks {j,k} such that rad(j) = rad(k) but neither j nor k divides the other, apart from j = 12 and k = 18.
    (comment) Conjecture: permutation of A126706.
A083964  [base,nonn]  Smallest palindromic multiple of 2*n-1 beginning with the digit string of 2*n-
    (comment) Conjecture: If n is not of the type (5*k+1)/2 then a(n) is not zero.
A261862  [nonn,more]  Terms in A261524 that are not multiples of earlier terms.
    (comment) Conjecture: a term with ord(2,k) = d for even d exists if and only if d != 12 or 2*p, where p is any Mersonne exponent. (End)
A331021  [nonn]  Numbers k such that gcd(k^2, 2^(k-1) - 1) > k.
    (comment) Conjecture: each term is a multiple of a Wieferich prime.
A397128  [nonn]  Lexicographically earliest sequence of distinct numbers k that are neither squ
    (comment) Conjecture: permutation of A332785.
A226678  [nonn]  Smallest positive integer (or 0 if no such k) with conjecturally exactly n pri
    (comment) Conjecture: a(n)>0 for all n.
A354570  [nonn]  Ordered odd leg lengths k (listed with multiplicity) of primitive Pythagorean 
    (comment) Conjecture: lim_{n->oo} a(n)/n = Pi. Also, lim_{n->oo} A354571(n)/n = Pi.
A354571  [nonn]  Ordered even leg lengths k (listed with multiplicity) of primitive Pythagorean
    (comment) Conjecture: lim_{n->oo} a(n)/n = Pi. Also, lim_{n->oo} A354570(n)/n = Pi.
A365536  [nonn]  a(n) = n for n <= 2. Thereafter a(n) is the least novel multiple of the greate
    (comment) Conjecture: All terms are 7-smooth numbers. Is this a permutation of A002473?
A394432  [nonn]  a(n) is the least r such that ord(n,r) >= (log_2(n))^2, where ord(n,r) is the 
    (comment) Conjecture: a(n) is always an odd prime power. It seems that most terms are of the form p^k for odd prime p and k <= 3. Other than a(110) = a(119) = 81 and a(n) = 625 for n = 3961388, 4132533, 4466762, 4610283, 4629398, 4961877, 4
    (comment) Conjecture: for n > 2 being a power of 2, there is no difference between ">= (log_2(n))^2" and "> (log_2(n))^2"; in other words, we actually have ord(2^e,a(2^e)) = ord(2,a(2^e))/gcd(ord(2,a(2^e)), e) > e^2 for e > 1.
A397340  [nonn,look]  Lexicographically earliest sequence of distinct squarefree composite numbers, 
    (comment) Conjecture: a(n+1) is never coprime to a(n). This holds for n = 1..2^20. This would imply that this variant does not feature blocks in the sense they are defined for A280864.
A354569  [nonn]  Ordered even leg lengths k (listed with multiplicity) of primitive Pythagorean
    (comment) Conjecture: lim_{n->oo} a(n)/n -> 2*Pi.
A000290  [nonn,core,easy,nice,mult]  The squares: a(n) = n^2.
    (comment) Conjecture: For n>0, min{k such that there exist subsets A,B of {0,1,2,...,a(n)-1} such that |A|=|B|=k and A+B contains {0,1,2,...,a(n)-1}} = n. - _Michael Chu_, Mar 09 2022
A000142  [core,easy,nonn,nice]  Factorial numbers: n! = 1*2*3*4*...*n (order of symmetric group S_n, number of
    (formula) Conjecture: a(n) = 1/(2*Pi)*Integral_{x=-oo..oo}(n+i*x+1)!/(i*x+1)-(n+i*x-1)!/(i*x-1)dx. (End)
A005117  [nonn,easy,nice,core]  Squarefree numbers: numbers that are not divisible by a square greater than 1.
    (comment) Conjecture: For each n=2,3,... there are infinitely many integers b > a(n) such that Sum_{k=1..n} a(k)*b^(k-1) is prime, and the smallest such an integer b does not exceed (n+3)*(n+4). - _Zhi-Wei Sun_, Mar 26 2013
A001359  [nonn,nice,easy,changed]  Lesser of twin primes.
    (comment) Conjecture: For any integers n >= m > 0, there are infinitely many integers b > a(n) such that the number Sum_{k=m..n} a(k)*b^(n-k) (i.e., (a(m), ..., a(n)) in base b) is prime; moreover, when m = 1 there is such an integer b < (n
    (comment) Conjecture: a(n)^(1/n) is a strictly decreasing function of n. Namely a(n+1)^(1/(n+1)) < a(n)^(1/n) for all n. This conjecture is true for all a(n) <= 1121784847637957. - _Jahangeer Kholdi_ and _Farideh Firoozbakht_, Nov 21 2014
A001157  [nonn,core,nice,easy,mult]  a(n) = sigma_2(n): sum of squares of divisors of n.
    (comment) Conjecture: For each k = 2,3,..., all the rational numbers sigma_k(n)/n^k = Sum_{d|n} 1/d^k (n = 1,2,3,...) have pairwise distinct fractional parts. - _Zhi-Wei Sun_, Oct 15 2015
    (formula) Conjecture: a(n) = sigma(n^2*rad(n))/sigma(rad(n)), where sigma = A000203 and rad = A007947. - _Velin Yanev_, Aug 20 2017
A006579  [nonn]  a(n) = Sum_{k=1..n-1} gcd(n,k).
    (comment) Conjecture: a(n) != -1 (mod n) for a composite n. - _Thomas Ordowski_, Jun 11 2025
A056789  [nonn,easy,nice]  a(n) = Sum_{k=1..n} lcm(k,n)/gcd(k,n).
    (comment) Conjecture: for prime p, a(p^n) = 1 + (1/2)*(p - 1)*p^2*(p^(3*n) - 1)/(p^3 - 1) for n = 1,2,3,.... Cf. A339384. - _Peter Bala_, Dec 04 2020
A331761  [nonn]  a(n) = Sum_{i=1..n, j=1..n, gcd(i,j)=2} (n+1-i)*(n+1-j).
    (formula) Conjecture: As n -> oo, a(n) ~ C*n^4/Pi^2, where C is about 0.3775. - _N. J. A. Sloane_, Jul 03 2020
A072989  [easy,nonn]  Numbers m>0 such that the number of solutions to x^m==1 (mod m), 1<=x<=m, is n
    (comment) Conjecture: limit of a(n)/n is zero.
A344598  [nonn,easy]  a(n) = Sum_{k=1..n} phi(k) * (floor(n/k)^2 - floor((n-1)/k)^2).
    (formula) Conjecture: a(n) = Sum_{k = 1..2*n} (-1)^k * gcd(k, 4*n). Cf. A344372. - _Peter Bala_, Jan 01 2024
A327123  [nonn,easy,mult]  Expansion of Sum_{k>=1} phi(k) * x^k / (1 + x^(2*k)), where phi = A000010.
    (formula) Conjecture: a(n) = Sum_{k=1..n} sin(GCD(k,n) * Pi/2). - _Velin Yanev_ and _Vaclav Kotesovec_, Jun 01 2024
A290322  [nonn,look]  Sum modulo n of all units u in Z/nZ such that Phi(5,u) is a unit, where Phi is
    (comment) Conjecture: If n is divisible by 5 then a(n) > 0. - _Robert Israel_, Jan 23 2024
A064170  [nonn,easy]  a(1) = 1; a(n+1) = product of numerator and denominator in Sum_{k=1..n} 1/a(k)
    (formula) Conjecture: a(n) = 8*a(n-1)-8*a(n-2)+a(n-3), n>4. G.f.: -x*(2*x^2+x^3-7*x+1)/((x-1)*(x^2-7*x+1)). - _R. J. Mathar_, Jul 03 2009 [For a proof see the W. Lang comment above.]
A370905  [nonn,easy]  Partial sums of the alternating sum of divisors function (A206369).
    (comment) Conjecture: also number of pairs (x, y) with 1 <= x <= y <= n such that gcd(x, y) is a perfect square. - _Michel Marcus_, Jun 12 2026
A366562  [sign]  a(n) = Sum_{k=1..n} A366561(n,k)*A023900(k)/n.
    (formula) Conjecture: a(n) = [Mod[n, 2] = 1]*A000010(n)*(-1)^A001221(n).
A000041  [core,easy,nonn,nice]  a(n) is the number of partitions of n (the partition numbers).
    (comment) Conjecture: starting with offset 1 represents the numbers of ordered compositions of n using the signed (++--++...) terms of A001318 starting (1, 2, -5, -7, 12, 15, ...). - _Gary W. Adamson_, Apr 04 2013 (this is true by the penta
    (comment) Conjecture: No a(n) has the form x^m with m > 1 and x > 1. - _Zhi-Wei Sun_, Dec 02 2013
A026741  [nonn,easy,nice,frac,mult]  a(n) = n if n odd, n/2 if n even.
    (comment) Conjecture: lcm(n, p) = p*a(n, p), gcd(n, p) = n/a(n, p). (End)
A001076  [nonn,easy,cofr,frac,nice]  Denominators of continued fraction convergents to sqrt(5).
    (formula) Conjecture: 2a(n+1) = a(n+2) - A001077(n+1). - _Creighton Dement_, Nov 28 2004
A001566  [easy,nonn,nice]  a(0) = 3; thereafter, a(n) = a(n-1)^2 - 2.
    (comment) Starting with 7, the terms end with 7,47,07,47,07,..., of the form 8a+7 where a = 0,1,55,121771,... Conjecture: Every a is squarefree, every other a is divisible by 55, the a's are a subset of A046194, the heptagonal triangular nu
A007226  [nonn,easy]  a(n) = 2*det(M(n; -1))/det(M(n; 0)), where M(n; m) is the n X n matrix with (i
    (comment) Conjecture: a(n) is odd iff n = A022341(k) for some k. - _Peter Bala_, Mar 13 2023
A007228  [nonn,easy]  a(n) = 3*binomial(4*n,n)/(n+1).
    (comment) Conjecture: for n >= 1, a(n) is odd iff n = 4*A263133(k) + 3 for some k. - _Peter Bala_, Mar 13 2023
A007223  [nonn]  Number of distinct perforation patterns for deriving (v,b) = (n+2,n) punctured
    (formula) Conjecture: Expansion of [A(x)^2 + A(x^2)]/2, where A(x) = A000108(x) - 1. - _R. J. Mathar_, Jul 19 2016
A232624  [sign,tabf,easy]  Coefficient array for the minimal polynomials of 2*cos(2*Pi/n) for n >= 1.
    (comment) Conjecture: For odd n > 1, the term of the highest degree of (MPR2(2n, x) - MPR2(n, x))/2 is (-1)^omega(n) * x^(phi(n)/2-n/rad(n)) = A076479(n) * x^(A023022(n)-A003557(n)). For example, for n = 15, (MPR2(30, x) - MPR2(15, x))/2 = 
    (comment) Conjecture: Let MPR2(n, x) equal the odd indexed (n) monic polynomial. If the number of roots with negative signs is even, then n is a term in A014659. Example: n = 7 for x^3 + x^2 - 2x - 1, having two negative roots, (-445041...,
A232656  [nonn]  The number of pairs of numbers below n that, when generating a Fibonacci-like 
    (formula) Conjecture: a(n) = Sum_{d|n} phi(d)*A001177(d), where phi = Euler's totient function (A000010). - _Logan J. Kleinwaks_, Oct 28 2017
A281543  [nonn]  Number of partitions n = x + y with y >= x > 0 such that x^2 + y^2 or (x^2 + y
    (comment) Conjecture: a(n) > 0 for all n > 1.
A074882  [nonn]  Number of integers in {1, 2, ..., sigma(n)} that are coprime to n.
    (comment) a(n) <= n, with equality if n is in A000961. Conjecture: a(n) < n if n is not in A000961. - _Robert Israel_, Aug 10 2026
A228884  [nonn]  Determinant of the n X n matrix with (i,j)-entry equal to the greatest common 
    (comment) Conjecture: (i) a(n) is always positive and divisible by Phi(n)^{Phi(n)}*sum_{d|n}Phi(d)*n/d, where Phi(n) is Euler's totient function.
A159633  [nonn]  Dimension of Eisenstein subspace of the space of modular forms of weight k/2, 
    (comment) Conjecture: a(n) = 2*chi(n) - if(mod(n+2,4)=0, chi(n)/2, 0) with chi(n) = A001616(n) = Sum_{d|n} phi(gcd(d,n/d)); checked up to n=1024. - _Wouter Meeussen_, Apr 02 2014
A343009  [nonn]  a(n) = (n^(2n)-1)/(n^2-1) for n > 1, a(1) = 1.
    (comment) Conjecture: for n > 2, a(n) is a Fermat pseudoprime to base n.
A359804  [nonn]  a(1) = 1, a(2) = 2; thereafter let p be the smallest prime that does not divid
    (comment) Conjecture: The primes appear in their natural order.
A014701  [easy,nonn,changed]  Number of multiplications to compute n-th power by the Chandah-sutra method.
    (comment) Conjecture: a(n+1) is the minimal number of steps to go from 0 to n, by choosing before each step, after the first step, whether to keep the same step length or double it. The initial step length is 1. - _Jean-Marc Rebert_, May 15
A240764  [nonn,more]  Least k such that prime power factorization of A240751(k)! contains p^k when t
    (comment) Conjecture: all a(n)>0.
A027854  [nonn]  Mutinous numbers: n > 1 such that n/p^k > p, where p is the largest prime divi
    (comment) If p = A006530(a(n)) then p * a(n) is in the sequence. E.g., as 12 is in the sequence with gpf(12) = A006530(12) = 3, 12*3^k is in the sequence for k > 0. Conjecture: if m is in the sequence then so is A003961(m). - _David A. Corn
A362855  [nonn]  a(n) = n for n <= 3; for n > 3, a(n) is the least novel multiple of k, the pro
    (comment) Conjecture: all primes appear eventually, but not in order. (End)
    (comment) Conjecture: permutation of natural numbers.
A357994  [nonn,look]  a(1)=1, a(2)=2. Thereafter, if there are prime divisors p of a(n-1) which do n
    (comment) Conjecture: Permutation of the positive integers; primes being in natural order, and the slowest numbers to appear (as in A352187).
A382374  [nonn]  Lexicographically earliest sequence of distinct positive integers such that th
    (comment) Conjecture: this sequence is a permutation of the positive integers.
A367082  [nonn]  a(1), a(2) = 2. Thereafter a(n) is the least novel multiple of the greatest pr
    (comment) Conjecture: This is a permutation of the positive integers, with primes in order. Each prime p generates a trajectory T(p), dominated by multiples of p, see graph. Typically T(prime(k)) is initiated following the earliest term div
A073608  [nonn,fini,full]  a(1) = 1, a(n) = smallest number such that a(n) - a(n-k) is a prime power > 1 
    (comment) Differences |a(i)-a(j)| are prime powers for all i,j. Conjecture: sequence is bounded.
A178785  [nonn,more]  a(n) is the smallest n-perfect number of the form 2^(n+1)*L, where L is an odd
    (comment) Let k >= 1. In the multiplicative basis Q^(k) = {p^(k+1)^j, p runs through A000040, j=0,1,...} every positive integer m has a unique factorization of the form m = Product_{q is in Q^(k)} q^(m_q), where m_q is in {0,1,...,k}. In pa
A001358  [nonn,easy,nice,core]  Semiprimes (or biprimes): products of two primes.
    (formula) Conjecture: a(n)/n ~ (log(n)/log(log(n)))*(1-(M/log(log(n)))) as n -> oo, where M is Mertens's constant (A077761). - _Alain Rocchelli_, Feb 02 2025
A000043  [hard,nonn,nice,core]  Mersenne exponents: primes p such that 2^p - 1 is prime. Then 2^p - 1 is calle
    (comment) Conjecture: for k > 1, 2^k-1 is (a Mersenne) prime or k = 2^(2^m)+1 (is a Fermat number) if and only if (k-1)^(2^k-2) == 1 (mod (2^k-1)k^2). - _Thomas Ordowski_, Oct 05 2023
    (comment) Conjecture: for p prime, 2^p-1 is (a Mersenne) prime or p = 2^(2^m)+1 (is a Fermat number) if and only if (p-1)^(2^p-2) == 1 (mod 2^p-1). - _David Barina_, Nov 25 2024
A000695  [nonn,nice,easy]  Moser-de Bruijn sequence: sums of distinct powers of 4.
    (comment) Conjecture: The sums of distinct powers of k > 2 can be constructed as the following (k-1)-ary rooted tree. For each n the tree grows and a(n) is then the total number of nodes. For n = 1, the root of the tree is added. For n > 1,
A001511  [mult,nonn,nice,easy,core,hear]  The ruler function: exponent of the highest power of 2 dividing 2n. Equivalent
    (comment) As A000005(n) equals the number of even divisors of 2n and A001227(n) = A001227(2n), the formula A001511(n) = A000005(n)/A001227(n) might be read as "The number of even divisors of 2n is always divisible by the number of odd divis
A019565  [nonn,look,tabf]  The squarefree numbers ordered lexicographically by their prime factorization 
    (comment) Conjecture: there are no finite cycles of any length. My grounds for this conjecture: any finite cycle in this sequence, if such cycles exist at all, must have at least one member that occurs somewhere in A285319, the terms that s
A002496  [nonn,easy,nice]  Primes of the form k^2 + 1.
    (comment) It is a result that goes back to Mirsky that the set of primes p for which p-1 is squarefree has density A, where A = A005596 denotes the Artin constant. More precisely, Sum_{p <= x} mu(p-1)^2 = A*x/log x + o(x/log x) as x tends t
A001220  [nonn,hard,bref,nice,more]  Wieferich primes: primes p such that p^2 divides 2^(p-1) - 1.
    (comment) Conjecture: an integer n > 1 such that n^2 divides 2^(n-1)-1 must be a Wieferich prime. - _Thomas Ordowski_, Dec 21 2016
A111441  [nonn,hard,more]  Numbers k such that the sum of the squares of the first k primes is divisible 
    (comment) Conjecture: There are no terms that are 3 or 9 modulo 12. This seems to hold for all related sequences with even powers of primes, not just squares. Compare "sums of powers of primes divisibility sequences", linked below. - _Danie
A007850  [nonn,nice,hard,more]  Giuga numbers: composite numbers n such that p divides n/p - 1 for every prime
    (comment) Conjecture: Giuga numbers are the solution of the differential equation n' = n + 1, where n' is the arithmetic derivative of n. - _Paolo P. Lava_, Nov 16 2009
    (comment) Conjecture: let k = a(n) and k be the product of x(n) distinct prime factors where x(n) <= x(n+1). Then, for any even n, n/2 + 2 <= x(n) <= n/2 + 3 and, for any odd n, (n+1)/2 + 2 <= x(n) <= (n+1)/2 + 3. For any n > 1, there are y
A087207  [nonn,base,nice]  A binary representation of the primes that divide a number, shown in decimal.
    (comment) Conjecture: Starting at any n and iterating the map n -> a(n), we will always reach 0 (see A288569). This conjecture is equivalent to the conjecture that at any n that is neither a prime nor a power of two, we will eventually hit 
A326042  [nonn,mult]  a(n) = A064989(sigma(A003961(n))), where A003961 shifts the prime factorizatio
    (comment) Conjecture: There are no other fixed points than a(1) = 1. If true, then there are no odd perfect numbers. This condition is equivalent to the condition that if A161942 has no fixed points larger than one, then there are no odd pe
A091137  [nonn]  The Hirzebruch numbers. a(n) = Product_{2 <= p <= n+1, p prime} p^floor(n / (p
    (comment) Conjecture: The denominators of the series reversion of the sequence with e.g.f. Polylog(2,x). - _Benedict W. J. Irwin_, Jan 05 2017
A173419  [nice,nonn]  Length of shortest computation yielding n using addition, subtraction and mult
    (comment) Conjecture: if n is prime then a(n) >= a(n-1). The conjecture is true for n < 1800. - _Dmitry Kamenetsky_, Dec 26 2019
A052274  [nonn,mult]  Number of distinct 5th powers mod n.
    (formula) Conjecture: a(5^e) = 1+floor[(5-1)*5^(e+3)/(5^5-1)] if e == {0,2,3,4} (mod 5). a(5^e) = 5+floor[(5-1)*5^(e+3)/(5^5-1)] if e==1 (mod 5). - _R. J. Mathar_, Oct 22 2017
    (formula) Conjecture: a(p^e) = 1+floor[(p-1)*p^(e+4)/{gcd(p-1,5)*(p^5-1)}] for primes p<>5  - _R. J. Mathar_, Oct 22 2017
A188550  [nonn]  Maximal number of divisors d>1 of n-k such that n-d is a multiple of k, when k
    (comment) Conjecture: if the definition is changed so that k runs through values 2, 3, ..., floor((n-2)/2) then, beginning with n=6, the sequence remains without changes. - _Vladimir Shevelev_, Apr 10 2011
A361430  [nonn,easy,mult]  Multiplicative with a(p^e) = e - 1.
    (formula) Conjecture: a(n) = abs(A298826(n)).
A138217  [nonn]  Odd numbers n for which A137576((n-1)/2)-1 is a multiple of A000010(n).
    (comment) Conjecture: the sequence contains infinitely many composite numbers.
A228574  [nonn]  Determinant of the 2*n X 2*n matrix with (i,j)-entry equal to 1 or 0 according
    (comment) Conjecture: a(2*n-1) = 0 for all n > 0, and a(2*n) is nonzero when n > 9.
A030210  [sign,mult]  Expansion of (eta(q) * eta(q^5))^4 in powers of q.
    (comment) Conjecture: |a(p)| < 2*p^(3/2) for p prime. - _Michael Somos_, Oct 31 2005
A349958  [nonn]  a(n) is the index of the first row in Pascal's triangle that contains a multip
    (comment) If n is divisible by p^k where p is prime, then by Kummer's theorem a(n) >= p^k.  In particular a(p^k) = p^k. Conjecture: a(n) = n if and only if n is a prime power (A246655).  - _Robert Israel_, Aug 09 2026
A253288  [nonn]  Each term a(n) satisfies four properties: 1, divisible by all prime factors of
    (comment) Conjecture: this permutation of positive integers is self-inverse. Compare with A358971. The principal distinction between this sequence and A358971 is that fixed points aside from A358971(1) = 1 are explicitly ruled out in the la
A281312  [nonn]  Numbers n such that sigma(4*(n-1)) is prime.
    (comment) Conjecture: the next terms are: 288230376151711745, 77371252455336267181195265, 20282409603651670423947251286017, 21267647932558653966460912964485513217.
    (comment) Conjecture: prime terms are in A258429: 2, 5, 17, 65537.
A348846  [nonn]  a(1) = 1. For n >=2 the number k in n-th position becomes a(n) only if all ter
    (comment) Let [p] = {m: m a fixed point with gpf = p}, then [2] = {2}, [3] = {3,9,18,27}, [5] = {5,15,25,40,50,90}, etc. Every odd multiple of odd prime p, up to and including p^2, is necessarily a fixed point. The number of terms in [p] is
A000032  [nonn,nice,easy,core]  Lucas numbers beginning at 2: L(n) = L(n-1) + L(n-2), L(0) = 2, L(1) = 1.
    (comment) While all prime numbers appear as factors in the Fibonacci numbers, this is not the case with the Lucas numbers. For example, L(n) is never divisible by the following prime numbers < 150: 5, 13, 17, 37, 53, 61, 73, 89, 97, 109, 11
A051903  [nonn,easy]  Maximum exponent in the prime factorization of n.
    (formula) Conjecture: a(n) = a(A003557(n)) + 1. This relation together with a(1) = 0 defines the sequence. - _Velin Yanev_, Sep 02 2017
A002426  [nonn,nice,core,easy]  Central trinomial coefficients: largest coefficient of (1 + x + x^2)^n.
    (comment) Conjecture: An integer n > 3 is prime if and only if a(n) == 1 (mod n^2). We have verified this for n up to 8*10^5, and proved that a(p) == 1 (mod p^2) for any prime p > 3 (cf. A277640). - _Zhi-Wei Sun_, Nov 30 2016
    (formula) Conjecture: The stronger congruences a(n*p^k) == a(n*p^(k-1)) (mod p^(2*k)) hold for all prime p >= 5 and positive integers n and k. (End)
A001481  [nonn,nice,easy,core]  Numbers that are the sum of 2 squares.
    (comment) Conjecture: barring the 0+2, 0+4, 0+8, 0+16, ... sequence, the sum of 2 distinct terms in this sequence is never a power of 2. - _J. Lowell_, Jan 14 2022
A010055  [nonn]  1 if n is a prime power p^k (k >= 0), otherwise 0.
    (formula) Conjecture: a(n) = (n - A048671(n))/A000010(n) for all n > 1. - _Velin Yanev_, Mar 10 2021 [The conjecture is true. - _Andrey Zabolotskiy_, Mar 11 2021]
A248107  [nonn,mult]  Number of isomorphism classes of affine Mendelsohn triple systems of order n.
    (comment) Conjecture: This is the same sequences as A352561.(Note that A352561 has an explicit Dirichlet generating function.) - _N. J. A. Sloane_, Mar 21 2022
A298826  [sign]  a(n) = A298825(n)/n.
    (formula) Conjecture: a(n) = (-1)^(n+1) * Sum_{d|n} A076479(d). - _Daniel Suteu_, Apr 04 2019
    (formula) Conjecture: a(n) = (-1)^(n+1) * Sum_{d|n} mu(d)*tau(d)*tau(n/d). - _Ridouane Oudra_, Nov 19 2019
A268925  [nonn,more]  Record (maximal) gaps between primes of the form 6k + 1.
    (comment) Conjecture: a(n) < phi(6)*log^2(A268927(n)) almost always.
    (comment) Conjecture: phi(6)*n^2/6 < a(n) < phi(6)*n^2 almost always. - _Alexei Kourbatov_, Nov 27 2019
A268799  [nonn]  Record (maximal) gaps between primes of the form 4k + 3.
    (comment) Conjecture: a(n) < phi(4)*log^2(A268801(n)) almost always.
    (comment) Conjecture: a(n) < phi(4)*n^2 for all n>2. - _Alexei Kourbatov_, Aug 12 2017
A269238  [nonn]  Record (maximal) gaps between primes of the form 10k + 7.
    (comment) Conjecture: a(n) < phi(10)*log^2(A269240(n)) almost always.
A128382  [sign,mult]  Inverse Moebius transform operation performed 24 times on A000594: A051731^24 
    (comment) Conjecture: given the inverse Moebius transform operation performed any k times (k=1,2,3,...); k=24 is the only such sequence with zeros. A weaker conjecture: "zero" occurs an infinite number of times in A128382.
A003238  [nonn,nice,eigen]  Number of rooted trees with n vertices in which vertices at the same level hav
    (formula) Conjecture: log(a(n)) is asymptotic to c*log(n)^2 where 0.4 < c < 0.5 - _Benoit Cloitre_, Apr 13 2004
A000048  [nonn,core,easy,nice]  Number of n-bead necklaces with beads of 2 colors and primitive period n, when
    (comment) Conjecture: Also the number of caliber-n cycles of Zagier-reduced indefinite binary quadratic forms with sum invariant equal to s, where (s-1)/n is an odd integer. - _Barry R. Smith_, Dec 14 2014
A047968  [nonn]  a(n) = Sum_{d|n} p(d), where p(d) = A000041 = number of partitions of d.
    (comment) Conjecture: for n > 6, a(n) is strictly increasing. - _Franklin T. Adams-Watters_, Apr 19 2014
A129527  [nonn,easy,mult]  a(2n) = a(n) + 2n, a(2n+1) = 2n + 1.
    (formula) Conjecture: a(n) = 2*n-A000265(n) for n > 0. - _Velin Yanev_, Jun 23 2017. [_Joerg Arndt_, Jun 23 2017: For odd n the conjecture holds, for even n induction should work.
A011558  [nonn,mult,easy]  Expansion of (x + x^3)/(1 + x + ... + x^4) mod 2.
    (comment) Conjecture: a(n+1) is the number of ways of partitioning n into distinct parts of A084215. - _R. J. Mathar_, Mar 01 2023
A382883  [sign]  a(n) = A382881(n, 1) = -Sum_{d|n, 1<d} A382881(n, d) for n >= 2, otherwise n.
    (formula) Conjecture: a(n) = 0 if the prime factorization of n contains different exponents (A059404).
    (formula) Conjecture: a(n) = 1 if n has the form p^e where both p and e are prime numbers (A053810).
A104794  [sign]  Expansion of theta_4(q)^2 in powers of q.
    (formula) Conjecture: Sum_{k>=0} a(k) / exp(k*Pi) = (1/2)*Pi^(1/2)*sqrt(2)/Gamma(3/4)^2 = A014549. - _Simon Plouffe_, Sep 09 2025
A068073  [easy,nonn]  Period 4 sequence [ 1, 2, 3, 2, ...].
    (formula) Conjecture: a(n) = Sum_{k=0..n} e^(i*Pi*(A000120(A001045(n)) - A001045(A000120(n)))), i=sqrt(-1). - _Paul Barry_, Jan 14 2005
A339887  [nonn]  Number of factorizations of n into primes or squarefree semiprimes.
    (comment) Conjecture: also the number of semistandard Young tableaux whose entries are the prime indices of n (A323437).
A057886  [nonn]  Number of integer 4-tuples that give the lengths of the sides of a nondegenera
    (formula) Conjecture: a(1)=0 and, for n>1, a(n)=a(n-1)+d(n-1), where d(n)=floor(n/4)*floor((n-2)/4) if n is even and d(n)=floor((n+1)/4) if n is odd.
    (formula) Conjecture: a(n) = ( 2*n^3-3*n^2+13*n-18 - 3*(n^2-9*n+6)*(-1)^n + 12*(2+(-1)^n)*(-1)^((2*n+(-1)^n-1)/4) )/192. - _Luce ETIENNE_, Nov 06 2014
A383093  [nonn]  Number of integer partitions of n that can be partitioned into constant blocks
    (formula) Conjecture: We have Sum_{d|n} a(d) = A323774(n), so this is the Moebius transform of A323774.
A349802  [nonn,tabl]  Triangle read by rows: T(n,k) is the number of binary Lyndon words of length n
    (comment) Conjecture: The Euler transform of column k=1 gives the Fibonacci numbers, the Euler transform of column k=2 gives the tribonacci numbers (A000073), and more generally, the Euler transform of column k >= 1 gives the (k+1)-bonacci 
A011946  [nonn,easy]  Number of Barlow packings with group P63/mmc(S) that repeat after 4n layers.
    (comment) Conjecture: Mobius transform of A127804. - _R. J. Mathar_, Sep 14 2011
    (formula) Conjecture: a(n) = A045683(2n). - _R. J. Mathar_, Apr 15 2024
A382319  [nonn]  G.f. A(x) satisfies A(x) = x/(1-x) + Sum_{n>=1} A(x^n)^3.
    (comment) Conjecture: a(n) == A382318(3*n) (mod 3) for n >= 0.
A067857  [sign]  Sum_{k|n} a(k)/k! = Sum_{j=1 to n} 1/j, sum on left is over positive divisors 
    (comment) The terms are not all positive.  The first negative one is a(30) = -22690644647302814715858124800000.  Conjecture: a(n) < 0 if and only if
A378424  [nonn]  Product_{n>=1} (1+x^n)^a(n) = Sum_{k>=0} C(k)*x^k, where C(k) = A000108(k).
    (comment) Conjecture: A327937(n) divides a(n).
A100095  [nonn,easy]  An inverse Chebyshev transform of the Fibonacci numbers.
    (formula) Conjecture: (-n+2)*a(n) +(-n+3)*a(n-1) +(9*n-22)*a(n-2) +(9*n-31)*a(n-3) +20*(-n+3)*a(n-4) +20*(-n+4)*a(n-5)=0. - _R. J. Mathar_, Nov 24 2012
A099363  [easy,sign]  An inverse Chebyshev transform of 1-x.
    (formula) Conjecture: (n+3)*a(n) +(-n-1)*a(n-1) -4*n*a(n-2) +4*(n-2)*a(n-3)=0. - _R. J. Mathar_, Nov 26 2012
A100096  [nonn,easy]  An inverse Chebyshev transform of the Jacobsthal numbers.
    (formula) Conjecture: 2*(-n+1)*a(n) +(n+3)*a(n-1) +18*(n-2)*a(n-2) +4*(-n-2)*a(n-3) +40*(-n+3)*a(n-4)=0. - _R. J. Mathar_, Nov 24 2012
A100097  [nonn,easy]  An inverse Chebyshev transform of the Pell numbers.
    (formula) Conjecture: (-n+2)*a(n) +(-n+3)*a(n-1) +4*(3*n-7)*a(n-2) +4*(3*n-10)*a(n-3) +32*(-n+3)*a(n-4) +32*(-n+4)*a(n-5)=0. - _R. J. Mathar_, Nov 24 2012
A100098  [easy,nonn]  An inverse Chebyshev transform of (1-x)/(1-2x).
    (formula) Conjecture: 2*n*a(n) + (-5*n+4)*a(n-1) + 2*(-4*n+3)*a(n-2) + 20*(n-2)*a(n-3) = 0. - _R. J. Mathar_, Nov 22 2012
A100099  [easy,nonn]  An inverse Chebyshev transform of x/(1-2x).
    (formula) Conjecture: 2n*a(n) +(-13n+16)*a(n-1) +4(3n-8)*a(n-2) +4(13n-29)*a(n-3) +80(3-n)*a(n-4)=0. - _R. J. Mathar_, Dec 14 2011
A051159  [nonn,tabl,easy,nice]  Triangle read by rows: T(n, k) = binomial(n mod 2, k mod 2) * binomial(n div 2
    (comment) T is the infinite lower triangular matrix for this sequence; define two others, U and V; let U(n,k)=e_k(-1,2,-3,...,(-1)^n n), where e_k is the k-th elementary symmetric polynomial, and let V be the diagonal matrix A057077 (period
A354794  [nonn,tabl]  Triangle read by rows. The Bell transform of the sequence {m^m | m >= 0}.
    (formula) Conjecture: T(n, k) = Sum_{i=0..n-k} A048994(n-k, i) * A048993(n+i-1, n-1) for 0 < k <= n and T(n, 0) = 0^n for n >= 0; proved by Mike Earnest, see link at A354797. (End)
A059297  [nonn,easy,tabl]  Triangle of idempotent numbers binomial(n,k)*k^(n-k), version 1.
    (comment) Conjecture: the matrix inverse is A137452. - _R. J. Mathar_, Mar 12 2013
A054341  [easy,nonn]  Row sums of triangle A054336 (central binomial convolutions).
    (formula) Conjecture: 2*(n+1)*a(n) +5*(-n-1)*a(n-1) +8*(-n+2)*a(n-2) +20*(n-2)*a(n-3)=0. - _R. J. Mathar_, Nov 30 2012
A067336  [nonn]  a(0)=1, a(1)=2, a(n) = a(n-1)*9/2 - Catalan(n-1) where Catalan(n) = binomial(2
    (formula) Conjecture: 2*n*a(n) + (-17*n+12)*a(n-1) + 18*(2*n-3)*a(n-2) = 0. - _R. J. Mathar_, Nov 30 2012
A127276  [sign]  Hankel transform of A127275.
    (formula) Conjecture: G.f.: -(4*x-1)*(x-1) / ( (2*x-1)^3 ) and a(n) = 2^n-n*(n+1)*2^(n-2). - _R. J. Mathar_, Dec 11 2010
A356145  [sign,tabf]  Coefficients of the inverse refined Eulerian partition polynomials [E]^{-1}, p
    (formula) Conjecture: row polynomials are R(n,1) for n > 0 where R(n,k) = R(n-1,k+1) - Sum_{j=1..n-1} binomial(n-1,j-1)*R(j,k)*R(n-j,1) for n > 1, k > 0 with R(1,k) = a_k for k > 0. - _Mikhail Kurkov_, Mar 22 2025
A195204  [nonn,easy,tabl]  Triangle of coefficients of a sequence of binomial type polynomials.
    (formula) Conjecture: o.g.f. as a continued fraction of Stieltjes type: 1/(1 - 2*x*z/(1 - z/(1 - 2*(x + 1)*z/(1 - 2*z/(1 - 2*(x + 2)*z/(1 - 3*z/(1 - 2*(x + 3)*z/(1 - 4*z/(1 - ... ))))))))). - _Peter Bala_, Dec 12 2024
A195205  [nonn,easy,tabl]  Triangle of coefficients of a sequence of binomial type polynomials.
    (formula) Conjecture: o.g.f. as a continued fraction of Stieltjes type: 1/(1 - 3*x*z/(1 - 2*z/(1 - 3*(x + 1)*z/(1 - 4*z/(1 - 3*(x + 2)*z/(1 - 6*z/(1 - 3*(x + 3)*z/(1 - 8*z/(1 - ... ))))))))). - _Peter Bala_, Dec 12 2024
A320568  [sign]  a(n) = Sum_{k=1..n} (-1)^(n-k)*binomial(n,k)*sigma(k).
    (formula) Conjecture: a(n) ~ (-1)^n * Pi^2/48 * n * 2^n. - _Vaclav Kotesovec_, Oct 16 2018
A370092  [nonn]  a(0) = 1, a(n) = (-1)^n + (1/2) * Sum_{j=1..n} (1-(-1)^j-(-2)^j) * binomial(n,
    (comment) Conjecture: Let k > 2 be a positive integer. The sequence obtained by reducing a(n) modulo k is eventually periodic with the period dividing phi(k) = A000010(k). For example, modulo 10 we obtain the sequence [1, 1, 3, 6, 5, 6, 3, 
A258369  [nonn,easy]  Stirling-Bernoulli transform of A027656.
    (comment) Conjecture: inverse binomial transform of A005649. - _Mikhail Kurkov_, Mar 16 2026
A000110  [core,nonn,easy,nice,changed]  Bell or exponential numbers: number of ways to partition a set of n labeled el
    (comment) Conjecture: No a(n) has the form x^m with m > 1 and x > 1. - _Zhi-Wei Sun_, Dec 02 2013
A000225  [nonn,easy,core,nice]  a(n) = 2^n - 1. (Sometimes called Mersenne numbers, although that name is usua
    (comment) Conjecture: except for a(2)=3, numbers m such that 2^(m+1) - 2^j - 2^k - 1 is composite for all 0 <= j < k <= m. - _Chai Wah Wu_, Sep 08 2021
A000051  [nonn,easy,changed]  a(n) = 2^n + 1.
    (comment) Conjecture: For any integer n >= 0, a(n) is the permanent of the (n+1) X (n+1) matrix with M(j, k) = -floor((j - k - 2)/(n + 1)). This conjecture is inspired by the conjecture of _Zhi-Wei Sun_ in A036968. - _Peter Luschny_, Sep 07
A000312  [nonn,easy,core,nice]  a(n) = n^n; number of labeled mappings from n points to themselves (endofuncti
    (formula) Conjecture: a(n) = Sum_{i=0..n} A048994(n, i) * A048993(n+i, n) for n >= 0; proved by Mike Earnest, see link at A354797. - _Werner Schulte_, Jun 19 2022
A000670  [nonn,core,nice,easy,changed]  Fubini numbers: number of preferential arrangements of n labeled elements; or 
    (comment) Conjecture: Let k be a positive integer. The sequence obtained by reducing a(n) modulo k is eventually periodic with the period dividing phi(k) = A000010(k). For example, modulo 16 we obtain the sequence [1, 1, 3, 13, 11, 13, 11, 
A001006  [nonn,core,easy,nice]  Motzkin numbers: number of ways of drawing any number of nonintersecting chord
    (comment) Conjecture: (2/n)*Sum_{k=1..n} (2k+1)*a(k)^2 is an integer for each positive integer n. - _Zhi-Wei Sun_, Nov 16 2017
    (comment) Conjecture: If p is a prime of the form 6m+1 (A002476), then a(p-2) is divisible by p. Currently, no counterexample exists for p < 10^7. Personal communication from _Robert Gerbicz_: mod such p this is equivalent to A066796 with c
A000166  [core,nonn,easy,nice,changed]  Subfactorial or rencontres numbers, or derangements: number of permutations of
    (comment) Conjecture: a(n) with n > 2 is a perfect power only for n = 4 with a(4) = 3^2. This has been verified for n <= 1000. - _Zhi-Wei Sun_, Jan 09 2025
A006318  [nonn,easy,core,nice]  Large Schröder numbers (or large Schroeder numbers, or big Schroeder numbers).
    (comment) Conjecture: For each n > 2, the polynomial Sum_{k=0..n} a(k)*x^{n-k} is irreducible modulo some prime p < n*(n+1). - _Zhi-Wei Sun_, Apr 07 2013
A010048  [nonn,tabl,easy,nice]  Triangle of Fibonomial coefficients, read by rows.
    (comment) Conjecture: polynomials with (positive) Fibonomial coefficients are reducible iff n odd > 1. - _Ralf Stephan_, Oct 29 2004
A383257  [nonn]  Let p = prime(n), then a(n) is the non-p-smooth part of (p-1)!+1.
    (comment) Let p = prime(n) and k = (p-1)!+1. If m<p, then k == 1 mod m, so a(n) = k/(p-adic valuation of k). By Wilson's theorem, a(n)<=k/p. Conjecture: a(n) = k/p^2 if n = 3, 6, or 103 and a(n) = k/p otherwise. - _Chai Wah Wu_, May 11 2025
A383578  [nonn]  Let p = prime(n), then a(n) is the p-smooth part of (p-1)! + 1.
    (comment) Let p = prime(n). If m<p, then (p-1)!+1 == 1 mod m, so a(n) = p-adic valuation of (p-1)!+1. By Wilson's theorem, a(n)>=p. Conjecture: a(n) = p^2 if n = 3, 6 or 103 and a(n) = p otherwise. - _Chai Wah Wu_, May 11 2025
A392714  [nonn,hard]  a(n) is the positive integer such that Sum_{sigma in S_{2n}} sign(sigma) * w_{
    (comment) For prime p, p^(p-1) divides a(p) (proved). Conjecture: the p-adic valuation of a(p) equals exactly p-1 for every prime p.
A397434  [nonn,new]  Number of monomials in the algebraic normal form (Zhegalkin polynomial over GF
    (formula) Conjecture: a(n) = a(n+1) if and only if n == 2 (mod 4). Verified for n <= 998.
A071642  [easy,nonn]  Numbers n such that x^n + x^(n-1) + x^(n-2) + ... + x + 1 is irreducible over 
    (comment) Conjecture: Terms >= 2 are numbers n such that P^n + P^(n-1) + P^(n-2) + ... + P + 1 is irreducible over GF(2), where P=x^2+x+1. - _Luis H. Gallardo_, Dec 23 2019
A046932  [nonn,easy,nice]  a(n) = period of x^n + x + 1 over GF(2), i.e., the smallest integer m>0 such t
    (formula) Conjecture: a(2^k - 1) = 2^a(k) - 1. [See Bartholdi, 2000]
A397621  [nonn,base,nice]  a(n) is the linear complexity over GF(2) of the binary expansion of n (as comp
    (formula) Conjecture: a(A001317(n)) = A080079(n).
A001122  [nonn,easy,nice]  Primes with primitive root 2.
    (comment) Conjecture: sequence contains infinitely many pairs of twin primes. - _Benoit Cloitre_, May 08 2003
    (comment) Conjecture: if we further define
A014664  [nonn,easy]  Order of 2 modulo the n-th prime.
    (comment) Also A002326((p_n-1)/2). Conjecture: If p_n is not a Wieferich prime (1093, 3511, ...) then A002326(((p_n)^k-1)/2) = a(n)*(p_n)^(k-1). - _Vladimir Shevelev_, May 26 2008
A006694  [nonn,nice,easy,changed]  Number of cyclotomic cosets of 2 mod 2n+1.
    (formula) Conjecture: a((3^n-1)/2) = n. - _Vladimir Shevelev_, May 26 2008 [This is correct. 2*((3^n-1)/2) + 1 = 3^n and the polynomial (x^(3^n) - 1) / (x - 1) factors over GF(2) into Product_{k=0..n-1} x^(2*3^k) + x^(3^k) + 1. - _Joerg Arn
A001917  [nonn,easy,nice,changed]  a(n) = (p-1)/x, where p = prime(n) and x = ord(2,p), the smallest positive int
    (formula) Conjecture: k*a(n) = A006694(((p_n)^k-1)/2). (End)
A223934  [nonn]  Least prime p such that x^n-x-1 is irreducible modulo p.
    (comment) Conjecture: a(n) < n*(n+3)/2 for all n>1.
A327972  [nonn]  Bitwise XOR of trajectories of rule 30 and rule 150, when both are started fro
    (formula) Conjecture: for n > 1, floor(log_2(a(n))) = 2*n - (1,2,1,4,1,2,1,5 according as n == 0..7 (mod 8), respectively). - _Alan Michael Gómez Calderón_, Mar 02 2023
A014587  [nonn]  Nim function for Take-a-Factorial-Game (a subtraction game).
    (formula) Conjecture: Appears to be periodic with period of length 25 =  [0, 1, 2, 0, 1, 2, 3, 0, 1, 2, 0, 1, 2, 3, 0, 1, 2, 0, 1, 2, 3, 0, 1, 2, 3] starting with the initial term (there is no preamble). - _Michel Dekking_, Jul 26 2019
A363166  [easy,nonn]  Bouton numbers: a(n) is the number of P positions in games of Nim with three n
    (formula) Conjecture: a(n) = A000217(n) - A063915(n-1). - _Alan Michael Gómez Calderón_, Sep 18 2025
A002865  [nonn,easy,nice]  Number of partitions of n that do not contain 1 as a part.
    (comment) Conjecture: Also the number of integer partitions of n - 1 that have a consecutive subsequence summing to each positive integer from 1 to n - 1. For example, (32211) is such a partition because we have consecutive subsequences:
A034387  [nonn,easy]  Sum of primes <= n.
    (formula) Conjecture: G.f.: Sum_{i>0} Sum_{j>=i} Sum_{k>=j|i-j+k is prime} x^k. - _Benedict W. J. Irwin_, Mar 31 2017
A140101  [nonn]  Start with Y(0)=0, X(1)=1, Y(1)=2. For n > 1, choose least positive integers Y
    (comment) Conjecture: a(n) = A003144(n) + n. (This is from my notebook Lattices 115 page 20 from Oct 25 2016.  It is now a theorem - see the Dekking et al. paper.) - _N. J. A. Sloane_, Jul 22 2019
    (formula) CONJECTURE: the limit of a(n)/n = 1+t and limit of X(n)/n = 1+1/t so that limit of a(n)/X(n) = t = tribonacci constant (A058265), and thus the limit of [a(n) + X(n)]/[a(n) - X(n)] = t^2 and the limit of [a(n)^2 + X(n)^2]/[a(n)^2 -
A140100  [nonn]  Start with Y(0)=0, X(1)=1, Y(1)=2. For n > 1, choose least positive integers Y
    (comment) Conjecture: A140100(n) - A140098(n) = A276404(n) is always 0 or 1; see A276406 for the positions where a difference of 1 occurs.
    (formula) Conjecture: the limit of X(n)/n = 1+1/t and limit of Y(n)/n = 1+t where the limit of Y(n)/X(n) = t = tribonacci constant (A058265), and thus the limit of (Y(n) + X(n))/(Y(n) - X(n)) = t^2 and the limit of (Y(n)^2 + X(n)^2)/(Y(n)^2
A242222  [nonn]  Number of primes p <= (prime(n)+1)/2 such that the harmonic number H(p-1) = su
    (comment) Conjecture: a(n) > 0 for all n > 3. In other words, for any prime p > 5, there exists a prime q <= (p+1)/2 such that the harmonic number H(q-1) = sum_{0<k<q}1/k is a primitive root modulo p.
A242223  [nonn]  Least prime p such that H(n) == 0 (mod p) but H(k) == 0 (mod p) for no 0 < k <
    (comment) Conjecture: a(n) is prime except for n = 1, 7.
A335270  [nonn,hard,more]  Numbers that are not powers of primes (A024619) whose harmonic mean of their p
    (comment) Conjecture: all terms are of the form n*(usigma(n)-1) where usigma(n)-1 is prime. - _Chai Wah Wu_, Dec 17 2020
A279859  [sign]  a(n) is the integer r with |r| < prime(n)/2 such that (prime(n)*Sum_{k=1..prim
    (comment) Conjecture: (i) We have the new identity
A001008  [nonn,frac,nice,easy]  a(n) = numerator of harmonic number H(n) = Sum_{i=1..n} 1/i.
    (formula) Conjecture: for nonzero m, H(n) = (1/m)*Sum_{k = 1..n} ((-1)^(k+1)/k) * binomial(m*k,k)*binomial(n+(m-1)*k,n-k). The case m = 1 is well-known; the case m = 2 is given above by Detlefs (dated Apr 13 2013). - _Peter Bala_, Mar 04 20
A051037  [easy,nonn]  5-smooth numbers, i.e., numbers whose prime divisors are all <= 5.
    (formula) Let s(n) = Card(k | a(k)<n) and f(n) = log(n*sqrt(30))^3/(6*log(2)*log(3)*log(5)). Then s(n) = f(n) + O(log(n)). Conjecture: s(n)=f(n) + O(log log n). For example, s(10000000) = 768 is well approximated by f(10000000) = 769.3... (
A001599  [nonn,nice]  Harmonic or Ore numbers: numbers k such that the harmonic mean of the divisors
    (comment) Conjecture: Every harmonic number is practical (A005153). I've verified this refinement of Ore's conjecture for all terms less than 10^14. - _Jaycob Coleman_, Oct 12 2013
    (comment) Conjecture: All terms > 1 are Zumkeller numbers (A083207). Verified for all n <= 50. - _Ivan N. Ianakiev_, Nov 22 2017
A064169  [nonn,changed]  Numerator - denominator in n-th harmonic number, 1 + 1/2 + 1/3 + ... + 1/n.
    (comment) Conjecture: for n > 2, n divides a(n-2) if and only if n is a prime. Checked up to 20000.
A247077  [nonn,more,bref]  Composite numbers for which the harmonic mean of proper divisors is an integer
    (comment) Conjecture: all terms are of the form m*(sigma(m)-1) where sigma(m)-1 is prime. - _Chai Wah Wu_, Dec 15 2020
A113570  [nonn]  Consider the function f(k) in A110545, i.e., the smallest positive integer j s
    (comment) Conjecture: only prime powers are present (A025475) in addition to 1 and 2. Thus this sequence would be a proper subset of A000961.
A116184  [hard,nonn]  Numbers n such that 37^3 divides the numerator of generalized harmonic number 
    (comment) Note the pattern in the first differences of a(n): {34,2,34,2,36,36,1,35,2,34,2,34,4,32,4,32,6,30,6,30,8,28,8,28,10,26,10,26,12,24,12,24,14,22,14,22,16,20,16,20,18,18,18,18,20,16,20,16,22,14,22,14,24,...}. Conjecture: All terms of
A342358  [nonn,more]  Balanced numbers (A020492) that are also arithmetic numbers (A003601) and harm
    (comment) Conjecture: 1 would be the only odd term of this sequence, because Oystein Ore conjectured that 1 is the only odd harmonic number (see link), and 1 is an arithmetic and balanced number (A342103).
A006530  [nonn,nice,easy,core]  Gpf(n): greatest prime dividing n, for n >= 2; a(1)=1.
    (comment) Conjecture: Let a, b be nonzero integers and f(n) denote the maximum prime factor of a*n + b if a*n + b <> 0 and f(n)=0 if a*n + b=0 for any integer n. Then the set {n, f(n), f(f(n)), ...} is finite of bounded size. - _M. Farrokhi
A000384  [nonn,easy,nice]  Hexagonal numbers: a(n) = n*(2*n-1).
    (comment) Conjecture: For n>0, min{k such that there exist subsets A,B of {0,1,2,...,a(n)} such that |A|=|B|=k and A+B={0,1,2,...,2*a(n)}} = 2*n. - _Michael Chu_, Mar 09 2022
A007406  [nonn,frac,easy,nice]  Wolstenholme numbers: numerator of Sum_{k=1..n} 1/k^2.
    (comment) Conjecture: for n > 3, gcd(n, a(n-1)) = A089026(n). Checked up to n = 10^5. - _Amiram Eldar_ and _Thomas Ordowski_, Jul 28 2019
A024451  [nonn,frac,easy,nice]  a(n) is the numerator of Sum_{i = 1..n} 1/prime(i).
    (comment) Conjecture: All terms are squarefree numbers. - _Nicolas Bělohoubek_, Apr 13 2022
A002827  [nonn,nice,hard]  Unitary perfect numbers: numbers k such that usigma(k) - k = k.
    (comment) Conjecture: Subsequence of A083207 (Zumkeller numbers). Verified for all present terms. - _Ivan N. Ianakiev_, Jan 20 2020
A088831  [nonn,more]  Numbers k whose abundance is 2: sigma(k) - 2k = 2.
    (comment) Conjecture: There are no terms of other forms. So the next terms of this sequence are likely 2^93*(2^94-3), 2^115*(2^116-3), 2^121*(2^122-3), 2^149*(2^150-3), etc. (End)
A008407  [nonn,nice]  Minimal difference s(n) between beginning and end of n consecutive large prime
    (comment) Conjecture: (i) The sequence a(n)^(1/n) (n=3,4,...) is strictly decreasing (to the limit 1). (ii) We have 0 < a(n)/n - H_n < (gamma + 2)/(log n) for all n > 4, where H_n denotes the harmonic number 1+1/2+1/3+...+1/n, and gamma ref
    (comment) Conjecture: For any integer n > 2, there is 1 < k < n such that 2*n - a(k)- 1 and 2*n - a(k) + 1 are twin primes. Also, every n = 3, 4, ... can be written as p + a(k)/2 with p a prime and k an integer greater than one. - _Zhi-Wei 
A245089  [sign]  The unique integer r with |r| < prime(n)/2 such that B_{prime(n)-2}(1/3) == r 
    (comment) Conjecture: a(n) = 0 infinitely often. In other words, there are infinitely many primes p > 3 such that B_{p-2}(1/3) == 0 (mod p).
A128666  [hard,more,nonn]  Least generalized Wilson prime p such that p^2 divides (n-1)!(p-n)! - (-1)^n; 
    (comment) Conjecture: a(n)>0 for all n.
A242241  [nonn]  Least prime p such that H(2,n) = sum_{k=1..n}1/k^2 == 0 (mod p) but there is n
    (comment) Conjecture: (i) a(n) is prime for any n > 1.
A000521  [easy,nonn,nice,core]  Coefficients of modular function j as power series in q = e^(2 Pi i t). Anothe
    (comment) Conjecture: a(n) with n >= 0 can never be a perfect power. Also, the sequence (a(n+1)/a(n))_{n>=0} is strictly decreasing (to the limit 1). - _Zhi-Wei Sun_, Dec 27 2024
    (formula) Conjecture: Sum_{k>=-1} a(k) / exp(k*Pi) = 66^3 = 287496. - _Simon Plouffe_, Apr 01 2026
A005563  [nonn,easy]  a(n) = n*(n+2) = (n+1)^2 - 1.
    (comment) Conjecture: When using the Sieve of Eratosthenes and sieving (n+1..a(n)), with divisors (1..n) and n>0, there will be no more than a(n-1) composite numbers. - _Fred Daniel Kline_, Apr 08 2016
A260667  [nonn]  a(n) = (1/n^2) * Sum_{k=0..n-1} (2k+1)*S(k,n)^2, where S(k,x) denotes the poly
    (comment) Conjecture: For k = 0,1,2,... define S(k,x):= Sum_{j=0..k} binomial(k,j)*binomial(x,j)*binomial(x+j,j).
    (formula) Conjecture: a(p-1) == 1 (mod p^3) for all primes p >= 5. - _Peter Bala_, Aug 15 2022
A309397  [nonn]  a(n) = gcd(n^2, A001008(n-1)) for n > 1.
    (comment) Conjecture: for n > 3, if a(n) = n^2, then n is a prime.
A000392  [nonn,nice,easy]  Stirling numbers of second kind S(n,3).
    (comment) Conjecture. Let S(1)={1} and, for n > 1, let S(n) be the smallest set containing x, 2x and 3x for each element x in S(n-1). Then a(n+2) is the sum of the elements in S(n). (It is easy to prove that the number of elements in S(n) i
A008278  [nonn,tabl,nice]  Reflected triangle of Stirling numbers of 2nd kind, S(n,n-k+1), n >= 1, 1 <= k
    (comment) Conjecture: also the number of divisors of the superprimorial A006939(n - 1) that have 0 <= k <= n distinct prime factors, all appearing with distinct multiplicities. For example, row n = 4 counts the following divisors of 360:
A002487  [nonn,easy,nice,core,look]  Stern's diatomic series (or Stern-Brocot sequence): a(0) = 0, a(1) = 1; for n 
    (comment) Let f(m,n) be the frequency of the integer n in the interval [a(2^(m-1)), a(2^m-1)]. Let phi(n) be Euler's totient function (A000010). Conjecture: for all integers m,n n<=m f(m,n) = phi(n). - _Yosu Yurramendi_, Sep 08 2014
A000680  [nonn,easy]  a(n) = (2n)!/2^n.
    (comment) Conjecture: For n > 0 (a(n) + 2^n) is a multiple of (2*n + 1) if and only if (2*n + 1) is a prime number. - _Werner Schulte_, Oct 05 2025
A006472  [nonn,easy,nice]  a(n) = n!*(n-1)!/2^(n-1).
    (comment) Conjecture: For n > 1, n divides 2*a(n-1) + 4 if and only if n is prime. - _Werner Schulte_, Oct 04 2020
A105750  [easy,sign]  Real part of Product_{k = 0..n} (1 + k*i), i = sqrt(-1).
    (formula) Conjecture: a(n) -3*a(n-1) +(n^2-n+3)*a(n-2) +(-n^2+4*n-5)*a(n-3)=0. - _R. J. Mathar_, May 23 2014
A090496  [nonn,nice]  Ratio of numerator(Bernoulli(2*n)/(2*n)) to numerator(Bernoulli(2*n)/(2*n*(2*n
    (comment) All values yielding 37 are of the form 574+666*k, k=0,1,2,3,4,... and form thus an arithmetic progression with step 666=18*37=((37-1)/2)*37. All values yielding 59 are of the form 1269+1711*k, k=0,1,2,3 and 1711=28*59=((59-1)/2)*5
A281817  [nonn,easy]  a(n) = 2*Sum_{k odd} k!*Stirling2(n,k)/(k + 1).
    (formula) For prime p, a(p) = 1 (mod p). Conjecture: for prime p, a(2*p) = 1 (mod p).
A027697  [nonn,easy,base]  Odious primes: primes with odd number of 1's in binary expansion.
    (comment) Conjecture: a(n) < A027699(n) except for n = 2; verified up to n=5*10^7. Moreover, I conjecture that A027699(n) - a(n) tends to infinity. - _Vladimir Shevelev_
A328982  [nonn]  Sorted list of the numbers of the form 5m+2 (m>=0) together with numbers of th
    (comment) Conjecture: these are the numbers k such that -k is a term of A328196.
A000009  [nonn,core,easy,nice]  Expansion of Product_{m >= 1} (1 + x^m); number of partitions of n into distin
    (comment) Conjecture: Each positive integer n can be written as a_1 + ... + a_k, where a_1,...,a_k are strict partition numbers (i.e., terms of the current sequence) with no one dividing another. This has been verified for n = 1..1350. - _Z
    (comment) Conjecture: For each integer n > 7, a(n) divides none of p(n), p(n) - 1 and p(n) + 1, where p(n) is the number of partitions of n given by A000041. This has been verified for n up to 10^5. - _Zhi-Wei Sun_, May 20 2023 [Verified fo
A057300  [easy,nonn,base]  Binary counter with odd/even bit positions swapped; base-4 counter with 1's re
    (formula) Conjecture: a(2*n) = -2*a(n) + 5*n, a(2*n+1) = -2*a(n) + 5*n + 2. - _Ralf Stephan_, Oct 11 2003
A353654  [nonn,base,easy]  Numbers whose binary expansion has the same number of trailing 0 bits as other
    (comment) Conjecture: 2*A247648(n-1) + 1 with rewrite 1 -> 1, 01 -> 0 applied to binary expansion is the same as a(n) without trailing 0 bits in binary.
A306921  [nonn,base]  Number of ways of breaking the binary expansion of n into consecutive blocks w
    (comment) Conjecture: n appears A067824(n) times for n > 1.
A000975  [nonn,easy,nice]  a(2n) = 2*a(2n-1), a(2n+1) = 2*a(2n)+1 (also a(n) is the n-th number without c
    (comment) Conjecture: {a(n)} also gives all j for which A048702(j) = A000217(j); i.e., if we take the a(n)-th triangular number (a(n)^2 + a(n))/2 and multiply it by 3, we get a(n)-th even-length binary palindrome A048701(a(n)) concatenated 
    (comment) Conjecture: a(n+1) is the number of compositions of n with two kinds of parts, n and n', where the order of the 1 and 1' does not matter. For n=2, a(3) = 5 compositions, enumerated as follows: 2; 2'; 1,1; 1',1 = 1',1; 1',1'. - _Gr
A030101  [nonn,base,frac,nice,hear,look]  a(n) is the number produced when n is converted to binary digits, the binary d
    (formula) Conjecture: a(n) = 2*w(n) - 2*w(A053645(n)) - 1 for n > 0, where w = A264596. - _Velin Yanev_, Sep 12 2017
A078008  [nonn,easy]  Expansion of (1 - x)/((1 + x)*(1 - 2*x)).
    (comment) Conjecture: a(n) = the number of fractions in the infinite Farey row of 2^n terms with even denominators. Compare the Salamin & Gosper item in the Beeler et al. link. - _Gary W. Adamson_, Oct 27 2003
A000123  [nonn,easy,core,nice]  Number of binary partitions: number of partitions of 2n into powers of 2.
    (formula) Conjecture: Limit_{n ->infinity} (log(n)*a(2n))/(n*a(n)) = c = 1.63... - _Benoit Cloitre_, Jan 26 2003 [The constant c is equal to 2*log(2) = 1.38629436... =A016627. - _Vaclav Kotesovec_, Aug 07 2019]
A116406  [easy,nonn]  Expansion of ((1 + x - 2x^2) + (1+x)*sqrt(1-4x^2))/(2(1-4x^2)).
    (formula) Conjecture: n*(n-3)*a(n) +2*(-n^2+4*n-2)*a(n-1) -4*(n-2)^2*a(n-2) +8*(n-2)*(n-3)*a(n-3)=0. - _R. J. Mathar_, Nov 28 2014
A024206  [nonn,easy,nice]  Expansion of x^2*(1+x-x^2)/((1-x^2)*(1-x)^2).
    (comment) Conjecture: if a(n) = p#(primorial)-1 for some prime number p, then q=(n+1) is also a prime number where p#=floor(q^2/4). Tested up to n=10^100000 no counterexamples are found. It seems that the subsequence is very scattered. So f
A001752  [nonn,easy]  Expansion of 1/((1+x)*(1-x)^5).
    (comment) Conjecture: For n > 2, a(n-3) is the absolute value of the coefficient of the term [x^(n-2)] in the characteristic polynomial of an n X n square matrix M(n) defined as the n-th principal submatrix of the array A010751 whose genera
A006364  [base,nonn,nice,easy]  Numbers k with an even number of 1's in binary, ignoring last bit.
    (formula) Conjecture: a(n) = 2*n + (-1)^(n-A000120(n-1)) - (3+(-1)^n)/2. - _Velin Yanev_, Dec 21 2016
A374571  [sign]  Expansion of g.f. A(x) satisfying A(x) = A(x^2) - x*A(x^2)^2.
    (comment) Conjecture: for n > 0, a(n) is odd iff n = A003714(k) for some k > 0, where A003714 lists Fibbinary numbers whose binary representation contains no two adjacent 1's.
A091892  [nonn]  Numbers k having only one partition into parts which are a sum of exactly as m
    (comment) Conjecture: if the second leftmost bit in the binary expansion of k+1 equals 0, then k is a term if and only if A007814(k+1) >= 2^(f(k)-1) + f(k). Otherwise, k is a term if and only if A007814(k+1) >= 2^f(k). Here f(k) = A086784(k
A359349  [nonn,more]  The initial bits, written from left to right, in the 2-adic limit of the mod 2
    (comment) Conjecture: for all e,B such that 3 <= e < B <= 3*e - 5,
A371673  [nonn]  Expansion of g.f. A(x) satisfying [x^(n-1)] A(x)^(n^2) = A000108(n-1) * n^n fo
    (comment) Conjecture: a(n) is odd for n > 0 iff n = 2*A003714(k) + 1 for some k, where A003714 is the Fibbinary numbers (integers whose binary representation contains no consecutive ones). See A263075, A263190, and A171791.
A381810  [nonn,tabl]  Array read by downward antidiagonals: A(n,k) is a generalization of odd column
    (comment) Conjecture: sequence A(n,k) for fixed n is a polynomial of degree A070939(n).
A000073  [nonn,easy,nice]  Tribonacci numbers: a(n) = a(n-1) + a(n-2) + a(n-3) for n >= 3 with a(0) = a(1
    (formula) Conjecture: the congruence a(n*p^(k+1)) + a(n*p^k) + a(n*p^(k-1)) == 0 (mod p^k) holds for positive integers k and n and for all the primes p listed in A106282. - _Peter Bala_, Dec 28 2022
A007306  [nonn,frac,tabf,nice]  Denominators of Farey tree fractions (i.e., the Stern-Brocot subtree in the ra
    (formula) Conjecture: a(n) = a(n-1) + b(n-1) - 2*(a(n-1) mod b(n-1)) for n > 1 with a(0) = a(1) = 1 where b(n) = a(n) - b(n-1) for n > 1 with b(1) = 1. - _Mikhail Kurkov_, Mar 13 2022
A002895  [nonn,easy,nice,walk]  Domb numbers: number of 2n-step polygons on diamond lattice.
    (comment) Conjecture: Let D(n) be the (n+1) X (n+1) Hankel-type determinant with (i,j)-entry equal to a(i+j) for all i,j = 0..n. Then the number D(n)/12^n is always a positive odd integer. - _Zhi-Wei Sun_, Aug 14 2013
A155200  [nonn]  G.f.: A(x) = exp( Sum_{n>=1} 2^(n^2) * x^n/n ), a power series in x with integ
    (comment) Conjecture: highest exponent of 2 dividing a(n) = A000120(n) = number of 1's in binary expansion of n, so that a(n)/2^A000120(n) is odd for n >= 0. - _Paul D. Hanna_, Sep 01 2009
A232559  [nonn,easy]  Sequence (or tree) generated by these rules: 1 is in S, and if x is in S, then
    (formula) Conjecture: a(n) = A059894(A348366(n)) for n > 0. - _Mikhail Kurkov_, Jun 14 2022
A141459  [nonn]  a(n) = Product_{p-1 divides n} p, where p is an odd prime.
    (comment) Conjecture: a(n) = denominator of integral_{0..1}(log(1-1/x)^n) dx. - _Jean-François Alcover_, Feb 01 2013
A237597  [nonn]  a(n) = |{0 < k < prime(n): n divides pi(k*n)}|, where pi(.) is given by A00072
    (comment) Conjecture: a(n) > 0 for all n > 0.
A210186  [nonn]  a(n) = least integer m>1 such that m divides none of P_i + P_j with 0<i<j<=n w
    (comment) Conjecture: all the terms are primes and a(n) < n^2 for all n > 1.
A167604  [nonn]  A variant of Euclid-Mullin (A000945): a(1)=2, a(n+1) is the least prime dividi
    (formula) For any n, we have Legendre symbol (-a(1)*a(2)*...*a(n-1) / a(n)) = 1. If p is the smallest prime such that (-a(1)*a(2)*...*a(n-1) / p) = 1, then a(n) >= p. Conjecture: For all n, a(n) = p. Note that if b is such that b^2 == -a(1)
A057773  [nonn]  a(n) = Sum_{i=1..n} nu_2(prime(i) - 1) where nu_2(m) = exponent of highest pow
    (comment) Conjecture: a(n) ~ 2n. - _Charles R Greathouse IV_, Jun 02 2015
A096097  [base,nonn]  a(1) = 2, a(2) = 1; for n >= 3, a(n) = least prime not included earlier that d
    (comment) Conjecture:(1) Every concatenation is squarefree. (2) This is a rearrangement of the noncomposite numbers other than 5.
A224523  [nonn]  Let {f_n(k)} be the n-th sequence of Fibonacci-like numbers defined by recursi
    (comment) Conjecture. For n>=1, a(n)>0.
A344020  [nonn]  A sequence of prime numbers: a(1)=2, a(n+1) is the least prime dividing Produc
    (comment) For n > 1, a(n) >= p, where p is the smallest prime p such that p == 1 (mod 4) and a(2)*a(3)*...*a(n-1) is a nonzero square modulo p. Conjecture: a(n) = p. - _Jinyuan Wang_ and _Max Alekseyev_, Jul 04 2022
A365021  [nonn]  a(n) is the largest prime of the form P+1 where P divides prime(n)# and p# den
    (formula) Conjecture: a(n) > (1/2) * prime(n-1)#.
A367504  [nonn]  a(1) = 2; for n > 1, a(n) = a(n-1) + 2*gpf(a(n-1)), where gpf(k) = A006530(k) 
    (comment) Conjecture: with the requirement that the prime factorization of each term is written so that the primes are ordered from smallest to largest, the sequence is the lexicographically earliest infinite sequence of distinct positive n
A084199  [nonn]  Smallest prime q < prime(n) such that q+1 divides prime(n)+1, a(n) = 1 if no s
    (comment) Conjecture: A008578 is the range of values (or A000040 = range of values > 1).
A117339  [nonn,easy]  a(n) = a(n-1) + a(n-2); if a(n) is not prime divide a(n) by its largest prime 
    (comment) Sequence repeats cyclically. Conjecture: sequence ends with cycle for any positive a(1) and a(2). This has been checked for a(1)=1 and a(2)=1,...,2000. Some other cases shown below: a(1), a(2), length of s, sequence s 1,1,10,{1,1,
A361322  [nonn,base]  The binary expansion of a(n) specifies which primes divide A361321(n).
    (comment) Conjecture: The sequence is a permutation of A057716.
A394782  [nonn]  a(n) is the largest prime of the form prime(n)#/d + d where p# denotes the pro
    (comment) Conjecture: sequence is increasing (i.e., a(n+1) > a(n) for any n >= 1).
A294179  [nonn,more,hard]  a(n) is the smallest k with n prime factors such that p^k == p (mod k) for eve
    (comment) Conjecture: the sequence contains only finitely many Carmichael numbers, A006931. What is the smallest n >= 3 for which a(n) is not a Carmichael number? For n >= 3, a(n) <= A006931(n).
A316908  [nonn,more]  a(n) is the smallest k with n prime factors such that 2^(k-1) == 1 (mod k) and
    (comment) Conjecture: a(n) > A006931(n) for every n > 2.
A006093  [nonn,easy,nice]  a(n) = prime(n) - 1.
    (comment) Conjecture: All the sums Sum_{k=s..t} 1/a(k) with 1 <= s <= t are pairwise distinct. In general, for any integers d >= -1 and m > 0, if Sum_{k=i..j} 1/(prime(k)+d)^m = Sum_{k=s..t} 1/(prime(k)+d)^m with 0 < i <= j and 0 < s <= t t
A001177  [nonn,changed]  Fibonacci entry points: a(n) = least k >= 1 such that n divides Fibonacci numb
    (comment) Conjecture: Sum_{d|n} phi(d)*a(d) = A232656(n). - _Logan J. Kleinwaks_, Oct 28 2017
A051451  [nonn,nice,easy]  a(n) = lcm{ 1,2,...,x } where x is the n-th prime power (A000961).
    (comment) Conjecture: For every n > 2, there exists a twin prime pair [p, p+2] with p < a(n), such that [a(n)+p, a(n)+p+2] is also a twin prime pair. Example: For n=6 we can take p=11, because for a(6) = 420 is [420+11, 420+13] = [431, 433]
    (comment) Conjecture: Every term = A001013(j)*A129912(k) for some j,k. (End)
A064097  [nonn]  A quasi-logarithm defined inductively by a(1) = 0 and a(p) = 1 + a(p-1) if p i
    (formula) Conjecture: for n>1, floor(log_2(n)) <= a(n) < (5/2)*log(n). - _Robert G. Wilson v_, Aug 10 2013
A360519  [nonn]  Let C consist of 1 together with all numbers with at least two distinct prime 
    (comment) Conjecture: The sequence is a permutation of C.
A069482  [nonn]  a(n) = prime(n+1)^2 - prime(n)^2.
    (comment) Conjecture: The sum of prime factors with repetition (sopfr) applied to a(n), A001414(a(n)), covers all integers covered by sopfr, except 2,3,4,6,7,10,13,15. See A001414 for the sopfr sequence, which does not cover 0 and 1. - _Ric
    (comment) Conjecture: There is no upper bound on the number of repetitions (i.e., size of a tally) that will occur for some a(n) values, because the number of possible ways of producing a value of a(n) grows with increasing n, despite decre
A350877  [nonn,nice]  The Sisyphus sequence: start the sequence S with a(1) = 1 and extend S with a(
    (comment) Conjecture: On naive probabilistic grounds, all integers should eventually appear. An up-step is always immediately followed by a down-step, and then, on average, by one more down-step. So we expect that every third step will be a
A247824  [nonn]  Least positive integer m such that m + n divides prime(m) + prime(n).
    (comment) Conjecture: a(n) exists for any n > 0. Moreover, a(n) < n*(n-1) for all n > 2. - _Zhi-Wei Sun_, Sep 25 2014
A267124  [nonn]  Primitive practical numbers: practical numbers that are squarefree or practica
    (comment) Conjecture: every odd number, beginning with 3, is the sum of a prime number and a primitive practical number. This is a tighter conjecture to the conjecture posed by _Hal M. Switkay_ (see A005153).
A097933  [nonn]  Primes p that divide 3^((p-1)/2) - 1.
    (comment) Conjecture: Let r(n) = (a(n) - 1)/(a(n) + 1) if a(n) mod 4 = 1, (a(n) + 1)/(a(n) - 1) otherwise; then Product_{n>=1} r(n) = (6/5) * (6/7) * (12/11) * (18/19) * ... = 2/sqrt(3). - _Dimitris Valianatos_, Mar 27 2017
    (comment) Conjecture: These are the exclusive prime factors of the set of integers d > 1 such that there exist primitive Heronian triangles with sides {b, b+d, b+2d} for one or more integers b.
A098058  [easy,nonn]  Prime(n) such that 4 does not divide the difference between prime(n) and prime
    (comment) The sequence is infinite, by Dirichlet's theorem on primes in arithmetic progressions. The sequence contains arbitrarily long gaps, by Daniel Shiu's theorem on strings of congruent primes (see A057619 and A057622). Conjecture: The
A163183  [nonn,easy]  Primes dividing 2^j + 1 for some odd j.
    (comment) Conjecture: this sequence has density 7/24 among the primes (see A014663). (End)
A033955  [nonn,easy]  Sum of the remainders when the n-th prime is divided by primes up to the (n-1)
    (comment) The sequence does not change if defined to go up to the n-th prime, as that contributes 0 to the sum; it's merely a computational optimization. Conjecture: For all n > 6, a(n) > prime(n). A corollary of this conjecture is that a(6
A069051  [nonn]  Primes p such that p-1 divides 2^p-2.
    (comment) Conjecture: if n-1 divides 2^n-2, then (2^n-2)/(n-1) is squarefree.
A122869  [nonn]  Primes p that divide Lucas((p-1)/2), where Lucas is A000032.
    (comment) Conjecture: This sequence is just the primes congruent to 11 or 19 mod 20. - _Charles R Greathouse IV_, May 25 2011 [The conjecture is correct. - _Jianing Song_, Jun 20 2025]
A242169  [nonn]  Least prime divisor of Fr(n) which does not divide any Fr(k) with k < n, or 1 
    (comment) Conjecture: a(n) > 1 for all n > 0.
A242170  [nonn]  Least prime divisor of T(n) which does not divide any T(k) with k < n, or 1 if
    (comment) Conjecture: (i) a(n) > 1 for all n > 1.
A242171  [nonn]  Least prime divisor of B(n) which does not divide any B(k) with k < n, or 1 if
    (comment) Conjecture: (i) a(n) > 1 for all n > 1.
    (comment) Conjecture: (ii) For any integer n > 2, the derangement number D(n) given by A000166 has a prime divisor dividing none of those D(k) with 1 < k < n.
A242173  [nonn]  Least prime divisor of the n-th central Delannoy number D(n) which does not di
    (comment) Conjecture:
A232210  [nonn,base]  Let b_k=3...3 consist of k>=1 3's. Then a(n) is the smallest k such that the c
    (comment) Conjecture: for n>=3, a(n)>0.
A071089  [easy,nonn]  Remainder when sum of first n primes is divided by n-th prime.
    (comment) Conjecture: Every nonnegative integer can appear in the sequence at most finitely many times. - _Thomas Ordowski_, Jul 22 2013
A086711  [nonn]  Primes p such that A001414(p-1) = A001414(p+1), where A001414 = sum of primes 
    (comment) Conjecture: sequence is infinite.
A084760  [nonn]  Squarefree numbers in ascending order such that the difference of successive t
    (comment) The sequence of first differences is 1, 2, 5, 3, 4, 6, 7, 8, 9, 10, 12, 13, 11, 14, 15, 16, 17, 18, 20, 21, 19, ... Conjecture: (1) every number is a term of this sequence. For every number r there exists some k such that a(k) - a
A113543  [easy,nonn]  Numbers both squarefree and triangle-free.
    (comment) The cardinality (count, enumeration) of these through n equals n - card{squarefree numbers <= n} - card{trianglefree numbers <= n} + card{numbers <= n which are both square and triangular} = n - card{numbers <= n in A005117} - car
A097945  [sign,mult]  a(n) = mu(n)*phi(n) where mu(n) is the Mobius function (A008683) and phi(n) is
    (comment) Conjecture: Sum_{n>=1} mu(n)/phi(n) = Sum_{n>=1} a(n)/phi(n)^2 = 0. It is true that Sum_{n>=1} mu(n)/phi(n)^s = 0 at least for s > 1 since: phi(2)=1, phi is multiplicative, so for n's that are squarefree, the phi(n) values can be 
A059269  [nonn,easy]  Numbers m for which the number of divisors, tau(m), is divisible by 3.
    (formula) Conjecture: a(n) ~ k*n where k = 1/(1 - Product(1 - (p-1)/(p^(3*i)))) = 3.743455... where p ranges over the primes and i ranges over the positive integers. - _Charles R Greathouse IV_, Apr 13 2012
A067874  [nice,nonn]  Positive integers x satisfying x^2 - D*y^2 = 1 for a unique integer D.
    (comment) Conjecture: All terms of A002110 > 1 are a subsequence. - _Griffin N. Macris_, Apr 11 2016
A337945  [nonn]  Numbers m with a solution (s,t,k) such that s^2 + t^2 = k*m, s + t = m, 1 <= s
    (formula) Conjecture: k is a term <=> k * Clausen(k, 1) <> 2 * Clausen(k, 0), (Clausen = A160014). In other words: k is in this sequence iff it is not an odd squarefree number. - _Peter Luschny_, Jun 08 2023
A295741  [nonn]  a(n) is smallest divisor d of the n-th primorial such that d + prime(n)#/d is 
    (comment) Conjecture: a(n) < prime(n)^2 for n > 0.
A097702  [nonn]  a(n) = (A063880(n) - 108)/216.
    (comment) Conjecture: k is a term iff 6*k+3 is squarefree. - _Vladeta Jovovic_, Aug 27 2004
A351743  [nonn]  a(1)=1. Thereafter, a(n+1) is the greatest divisor of s(n) which is prime to a
    (comment) Conjecture: a(n)=1 occurs infinitely many times, and therefore so does a(n)=2.
A339387  [nonn]  a(n) = Sum_{k=1..n} (lcm(n,k)/gcd(n,k) mod k).
    (comment) Conjecture: If a(n) = A339384(n), then n is squarefree. This appears to be true for at least the first 2000 terms.
A378252  [nonn]  Least prime power > 2^n.
    (comment) Conjecture: All terms except 9 are prime. Hence this is the same as A014210 after 9. Confirmed up to n = 1000.
    (comment) Conjecture: if i and j are coprime then b(i,j,t) attains value of 0 iff j is power of 2. If this conjecture and the Wiseman conjecture are true, the consecutive indices of records of the sequence c(d) = totient(d) - d + s(d) (d >=
A321575  [nonn]  Nexus primary pretenders: a(n) is the smallest composite k such that n^k - (n-
    (comment) Conjecture: the only terms of the sequence that are not squarefree are 4, 9 and 49. (End)
A376511  [nonn]  a(1) = 2. For n > 1, if a(n-1) is a novel term, a(n)=A001414(a(n-1)), else if 
    (comment) Row n of table T(n,k) in A064364 lists numbers j such that A001414(j) = n, with T(n,1) = A056240(n), and every term in this sequence is taken from the appropriate row of A064364. When a(n-1) is a novel term a(n) = A001414(a(n-1)),
A322906  [nonn]  The number of zeros in the fundamental Pisano period of the 3-Fibonacci number
    (comment) Conjecture: For primes p == 1, 9, 17, 25, 49, 81 (mod 104), the probability of a(p^e) taking on the value 1, 2, 4 is 1/6, 2/3, 1/6, respectively; for primes p == 29, 53, 61, 69, 77, 101 (mod 104), the probability of a(p^e) taking 
A337212  [nonn]  Modulo 3 Pisano period of 'n-bonacci' series.
    (formula) Conjecture: a(3^k-1)=a(3^k)-3^k-2=3^(2k)-1, a(3^k)=3^k(3^k+1)+1 for k>0. - _Chai Wah Wu_, Sep 15 2020
A092305  [nonn]  Length of period of sequence of Genocchi number of first kind read modulo (2n+
    (formula) Conjecture : a(n)= (2n+1)*prod(p | 2n+1, (p-1)/2)=(2n+1)/(-2)^omega(2n+1)*sum(d | 2n+1, d*mu(d))
A001176  [nonn,easy]  Number of zeros in fundamental period of Fibonacci numbers mod n.
    (formula) a(n) = 2 for n == 0, 3, 7, 8, 12, 15 (mod 20). a(p^e) = 1 if primes p == 11, 19 (mod 20); 4 if p == 13, 17 (mod 20). Conjecture: 1/6 of the primes congruent to 1 or 9 mod 40 satisfy a(p^e) = 1, 2/3 of them satisfy a(p^e) = 2 and 1
A015134  [nonn]  Consider Fibonacci-type sequences b(0)=X, b(1)=Y, b(k)=b(k-1)+b(k-2) mod n; al
    (formula) Conjecture: a(n) >= (n+1)/2. - _Elliot Nutt_, Dec 24 2025
A290601  [nonn,tabf]  Irregular triangle read by rows: T(n, k) gives the least positive integer imin
    (comment) Conjecture:There exists always an imin >= 1 such that the power sequence A290600(n, k)^i (mod A002808(n)) is periodic for i >= imin. Otherwise T(n, k) is undefined, and one could use T(n, k) = -1. See below for a proof.
A282779  [nonn,easy,changed]  Period of cubes mod n.
    (comment) Conjecture: let a_p(n) be the length of the period of the sequence k^p mod n where p is a prime, then a_p(n) = n/p if n == 0 (mod p^2) else a_p(n) = n.
A308828  [nonn]  Number of sequences that include all residues modulo n starting with x_0 = 0 a
    (formula) Conjecture: a(n) = A135616(n)/n.
    (formula) Conjecture: a(n) = phi(n)*A003557(n / gcd(n,2)). - _Andrew Howroyd_, Aug 20 2019
A395522  [nonn,tabl]  Square table read by antidiagonals downwards: T(n,k) is the period of {F^(n)(x
    (comment) Conjecture: each column is eventually constant. See the Math Stack Exchange link below for a more detailed introduction of the background of this conjecture. Note that, since T(n,k) can divide properly T(n-1,A001175(k)), this even
A000122  [nonn,easy,nice]  Expansion of Jacobi theta function theta_3(x) = Sum_{m =-oo..oo} x^(m^2) (numb
    (formula) Conjecture: Sum_{k>=0} a(k) / exp(k*Pi) = Pi^(1/4)/Gamma(3/4) = A175573. - _Simon Plouffe_, Sep 09 2025
A000712  [nonn,easy,nice]  a(n) = number of partitions of n into parts of 2 kinds.
    (formula) Conjecture: : a(n) is divisible by 5 when n is congruent to 2, 3 or 4 modulo 5. (End)
    (formula) Conjecture: a(25*n + 23) is divisible by 25 (checked for n < 400). [added Dec 26 2025: proved by Chen et al., 2016 - see equation 1.14] - _Peter Bala_, Jan 13 2025
A002720  [nonn,easy,nice]  Number of partial permutations of an n-set; number of n X n binary matrices wi
    (comment) Conjecture: a(n)*k is the sum of the largest parts in all integer partitions containing their own first differences with n + 1 parts and least part k. - _John Tyler Rascoe_, Feb 28 2024
A076336  [nonn,hard,nice]  (Provable) Sierpiński numbers: odd numbers n such that for all k >= 1 the numb
    (comment) Conjecture: if S is a (provable) Sierpiński number, then there exists a prime P such that S^p is also a Sierpiński number for every prime p > P. - _Thomas Ordowski_, Jul 12 2022
A004123  [nonn,nice,easy]  Number of generalized weak orders on n points.
    (comment) Conjecture: Let k be a positive integer. The sequence obtained by reducing a(n) modulo k is eventually periodic with the period dividing phi(k) = A000010(k). For example, modulo 7 we obtain the sequence [1, 2, 3, 4, 2, 0, 0, 2, 3,
A002105  [easy,nonn,nice,changed]  Reduced tangent numbers: 2^n*(2^{2n} - 1)*|B_{2n}|/n, where B_n = Bernoulli nu
    (comment) Conjecture: taking the sequence modulo an integer k gives an eventually purely periodic sequence with period dividing phi(k). For example, the sequence taken modulo 10 begins [1, 1, 4, 4, 6, 6, 4, 4, 6, 6, 4, 4, 6, 6, ...] with an
A006154  [nonn,easy,nice]  Number of labeled ordered partitions of an n-set into odd parts.
    (comment) Conjecture: taking the sequence modulo an integer k gives an eventually periodic sequence. For example, the sequence taken modulo 10 is [1, 1, 2, 7, 2, 1, 2, 7, 2, 1, 2, 7, 2, ...], with an apparent period [1, 2, 7, 2] beginning a
A005046  [nonn,easy,nice]  Number of partitions of a 2n-set into even blocks.
    (comment) Conjecture: Taking the sequence modulo an integer k gives an eventually periodic sequence. For example, the sequence taken modulo 10 is [1, 1, 4, 1, 9, 6, 9, 1, 4, 1, 9, 6, 9, 1, 4, 1, 9, 6, 9, ...], with an apparent period [1, 4,
    (formula) Conjecture: a(n) = 2 * exp(-1) * Sum_{k=1..oo} k^(2*n) * BesselI(k, 1) for n > 0. - _Velin Yanev_, Feb 09 2026
A160389  [nonn,cons]  Decimal expansion of 2*cos(Pi/7).
    (formula) Conjecture: Equals lim_{n->oo} A060557(n) / A052975(n). - _Bill McEachen_, Feb 17 2026
A028342  [nonn,easy]  Expansion of Product_{i>=1} (1 - x^i)^(-1/i); also of exp(Sum_{n>=1} (d(n)*x^n
    (formula) Conjecture: log(a(n)/n!) ~ log(2)/2 * log(n)^2. - _Vaclav Kotesovec_, Sep 15 2018
A122399  [nonn,easy]  a(n) = Sum_{k=0..n} k^n * k! * Stirling2(n,k).
    (comment) Conjecture: Let p be prime. The sequence obtained by reducing a(n) modulo p for n >= 1 is purely periodic with period p - 1. For example, modulo 7 the sequence becomes [1, 2, 1, 3, 3, 0, 1, 2, 1, 3, 3, 0, ...], with an apparent pe
A220181  [nonn,nice]  E.g.f.: Sum_{n>=0} (1 - exp(-n*x))^n.
    (comment) Conjecture: Let p be prime. The sequence obtained by reducing a(n) modulo p for n >= 1 is purely periodic with period p - 1. For example, modulo 7 the sequence becomes [1, 0, 3, 0, 0, 1, 1, 0, 3, 0, 0, 1, 1, 0, 3, 0, 0, 1 ...], wi
A002050  [nonn,easy,nice]  Number of simplices in barycentric subdivision of n-simplex.
    (comment) Conjecture: Let k be a positive integer. The sequence obtained by reducing a(n) modulo k is eventually periodic with the period dividing phi(k) = A000010(k). For example, modulo 9 we obtain the sequence [0, 1, 5, 7, 5, 1, 5, 4, 5,
A080253  [easy,nonn]  a(n) is the number of elements in the Coxeter complex of type B_n (or C_n).
    (comment) Conjecture: Let k be a positive integer. The sequence obtained by reducing a(n) modulo k is eventually periodic with the period dividing phi(k) = A000010(k). For example, modulo 7 we obtain the sequence [1, 3, 3, 0, 3, 4, 0, 3, 3,
A006531  [nonn,nice,easy]  Semiorders on n elements.
    (formula) Conjecture: for fixed k = 1,2,..., the sequence a(n) (mod k) is eventually periodic with the exact period dividing phi(k), where phi(k) is Euler's totient function A000010. For example, modulo 10 the sequence becomes (1, 1, 3, 9, 
A167137  [nonn]  E.g.f.: P(exp(x)-1) where P(x) is the g.f. of the partition numbers (A000041).
    (comment) CONJECTURE: Sum_{n>=0} a(n)^m * log(1+x)^n/n! is an integer series in x for all integer m>0; see A167138 and A167139 for examples.
    (comment) Conjecture: Let k be a positive integer. The sequence obtained by reducing a(n) modulo k is eventually periodic with the period dividing phi(k) = A000010(k). For example, modulo 16 we obtain the sequence [1, 1, 5, 15, 1, 7, 1, 7, 
A305550  [nonn]  Expansion of e.g.f. Product_{k>=1} (1 + (exp(x) - 1)^k).
    (comment) Conjecture: Let k be a positive integer. The sequence obtained by reducing a(n) modulo k is eventually periodic with the period dividing phi(k) = A000010(k). For example, modulo 16 we obtain the sequence [1, 1, 3, 3, 7, 3, 15, 11,
A000436  [nonn]  Generalized Euler numbers c(3,n).
    (formula) Conjecture: for each positive integer k, the sequence defined by a(n) (mod k) is eventually periodic with period dividing phi(k). For example, modulo 13 the sequence becomes [1, 8, 1, 9, 12, 10, 0, 8, 1, 9, 12, 10, 0, ...]; after 
