[conjecture+nim+game] 6 newly labelled
[conjecture+harmonic+number+prime] 26 newly labelled
[conjecture+stirling+numbers+prime] 8 newly labelled
[conjecture+binary+expansion+odd] 24 newly labelled
[conjecture+divides+prime+power] 26 newly labelled
[conjecture+squarefree+iff] 13 newly labelled
[conjecture+periodic+modulo+period] 28 newly labelled
[conjecture+lcm+identity] 2 newly labelled

133 candidates, 873 entries examined so far

A014587  [nonn]  Nim function for Take-a-Factorial-Game (a subtraction game).
    (formula) Conjecture: Appears to be periodic with period of length 25 =  [0, 1, 2, 0, 1, 2, 3, 0, 1, 2, 0, 1, 2, 3, 0, 1, 2, 0, 1, 2, 3, 0, 1, 2, 3] starting with the initial term (there is no preamble). - _Michel Dekking_, Jul 26 2019
A363166  [easy,nonn]  Bouton numbers: a(n) is the number of P positions in games of Nim with three n
    (formula) Conjecture: a(n) = A000217(n) - A063915(n-1). - _Alan Michael Gómez Calderón_, Sep 18 2025
A002865  [nonn,easy,nice]  Number of partitions of n that do not contain 1 as a part.
    (comment) Conjecture: Also the number of integer partitions of n - 1 that have a consecutive subsequence summing to each positive integer from 1 to n - 1. For example, (32211) is such a partition because we have consecutive subsequences:
A034387  [nonn,easy]  Sum of primes <= n.
    (formula) Conjecture: G.f.: Sum_{i>0} Sum_{j>=i} Sum_{k>=j|i-j+k is prime} x^k. - _Benedict W. J. Irwin_, Mar 31 2017
A140101  [nonn]  Start with Y(0)=0, X(1)=1, Y(1)=2. For n > 1, choose least positive integers Y
    (comment) Conjecture: a(n) = A003144(n) + n. (This is from my notebook Lattices 115 page 20 from Oct 25 2016.  It is now a theorem - see the Dekking et al. paper.) - _N. J. A. Sloane_, Jul 22 2019
    (formula) CONJECTURE: the limit of a(n)/n = 1+t and limit of X(n)/n = 1+1/t so that limit of a(n)/X(n) = t = tribonacci constant (A058265), and thus the limit of [a(n) + X(n)]/[a(n) - X(n)] = t^2 and the limit of [a(n)^2 + X(n)^2]/[a(n)^2 -
A140100  [nonn]  Start with Y(0)=0, X(1)=1, Y(1)=2. For n > 1, choose least positive integers Y
    (comment) Conjecture: A140100(n) - A140098(n) = A276404(n) is always 0 or 1; see A276406 for the positions where a difference of 1 occurs.
    (formula) Conjecture: the limit of X(n)/n = 1+1/t and limit of Y(n)/n = 1+t where the limit of Y(n)/X(n) = t = tribonacci constant (A058265), and thus the limit of (Y(n) + X(n))/(Y(n) - X(n)) = t^2 and the limit of (Y(n)^2 + X(n)^2)/(Y(n)^2
A242222  [nonn]  Number of primes p <= (prime(n)+1)/2 such that the harmonic number H(p-1) = su
    (comment) Conjecture: a(n) > 0 for all n > 3. In other words, for any prime p > 5, there exists a prime q <= (p+1)/2 such that the harmonic number H(q-1) = sum_{0<k<q}1/k is a primitive root modulo p.
A242223  [nonn]  Least prime p such that H(n) == 0 (mod p) but H(k) == 0 (mod p) for no 0 < k <
    (comment) Conjecture: a(n) is prime except for n = 1, 7.
A335270  [nonn,hard,more]  Numbers that are not powers of primes (A024619) whose harmonic mean of their p
    (comment) Conjecture: all terms are of the form n*(usigma(n)-1) where usigma(n)-1 is prime. - _Chai Wah Wu_, Dec 17 2020
A279859  [sign]  a(n) is the integer r with |r| < prime(n)/2 such that (prime(n)*Sum_{k=1..prim
    (comment) Conjecture: (i) We have the new identity
A001008  [nonn,frac,nice,easy]  a(n) = numerator of harmonic number H(n) = Sum_{i=1..n} 1/i.
    (formula) Conjecture: for nonzero m, H(n) = (1/m)*Sum_{k = 1..n} ((-1)^(k+1)/k) * binomial(m*k,k)*binomial(n+(m-1)*k,n-k). The case m = 1 is well-known; the case m = 2 is given above by Detlefs (dated Apr 13 2013). - _Peter Bala_, Mar 04 20
A051037  [easy,nonn]  5-smooth numbers, i.e., numbers whose prime divisors are all <= 5.
    (formula) Let s(n) = Card(k | a(k)<n) and f(n) = log(n*sqrt(30))^3/(6*log(2)*log(3)*log(5)). Then s(n) = f(n) + O(log(n)). Conjecture: s(n)=f(n) + O(log log n). For example, s(10000000) = 768 is well approximated by f(10000000) = 769.3... (
A001599  [nonn,nice]  Harmonic or Ore numbers: numbers k such that the harmonic mean of the divisors
    (comment) Conjecture: Every harmonic number is practical (A005153). I've verified this refinement of Ore's conjecture for all terms less than 10^14. - _Jaycob Coleman_, Oct 12 2013
    (comment) Conjecture: All terms > 1 are Zumkeller numbers (A083207). Verified for all n <= 50. - _Ivan N. Ianakiev_, Nov 22 2017
A064169  [nonn,changed]  Numerator - denominator in n-th harmonic number, 1 + 1/2 + 1/3 + ... + 1/n.
    (comment) Conjecture: for n > 2, n divides a(n-2) if and only if n is a prime. Checked up to 20000.
A247077  [nonn,more,bref]  Composite numbers for which the harmonic mean of proper divisors is an integer
    (comment) Conjecture: all terms are of the form m*(sigma(m)-1) where sigma(m)-1 is prime. - _Chai Wah Wu_, Dec 15 2020
A113570  [nonn]  Consider the function f(k) in A110545, i.e., the smallest positive integer j s
    (comment) Conjecture: only prime powers are present (A025475) in addition to 1 and 2. Thus this sequence would be a proper subset of A000961.
A116184  [hard,nonn]  Numbers n such that 37^3 divides the numerator of generalized harmonic number 
    (comment) Note the pattern in the first differences of a(n): {34,2,34,2,36,36,1,35,2,34,2,34,4,32,4,32,6,30,6,30,8,28,8,28,10,26,10,26,12,24,12,24,14,22,14,22,16,20,16,20,18,18,18,18,20,16,20,16,22,14,22,14,24,...}. Conjecture: All terms of
A342358  [nonn,more]  Balanced numbers (A020492) that are also arithmetic numbers (A003601) and harm
    (comment) Conjecture: 1 would be the only odd term of this sequence, because Oystein Ore conjectured that 1 is the only odd harmonic number (see link), and 1 is an arithmetic and balanced number (A342103).
A006530  [nonn,nice,easy,core]  Gpf(n): greatest prime dividing n, for n >= 2; a(1)=1.
    (comment) Conjecture: Let a, b be nonzero integers and f(n) denote the maximum prime factor of a*n + b if a*n + b <> 0 and f(n)=0 if a*n + b=0 for any integer n. Then the set {n, f(n), f(f(n)), ...} is finite of bounded size. - _M. Farrokhi
A000384  [nonn,easy,nice]  Hexagonal numbers: a(n) = n*(2*n-1).
    (comment) Conjecture: For n>0, min{k such that there exist subsets A,B of {0,1,2,...,a(n)} such that |A|=|B|=k and A+B={0,1,2,...,2*a(n)}} = 2*n. - _Michael Chu_, Mar 09 2022
A007406  [nonn,frac,easy,nice]  Wolstenholme numbers: numerator of Sum_{k=1..n} 1/k^2.
    (comment) Conjecture: for n > 3, gcd(n, a(n-1)) = A089026(n). Checked up to n = 10^5. - _Amiram Eldar_ and _Thomas Ordowski_, Jul 28 2019
A024451  [nonn,frac,easy,nice]  a(n) is the numerator of Sum_{i = 1..n} 1/prime(i).
    (comment) Conjecture: All terms are squarefree numbers. - _Nicolas Bělohoubek_, Apr 13 2022
A002827  [nonn,nice,hard]  Unitary perfect numbers: numbers k such that usigma(k) - k = k.
    (comment) Conjecture: Subsequence of A083207 (Zumkeller numbers). Verified for all present terms. - _Ivan N. Ianakiev_, Jan 20 2020
A088831  [nonn,more]  Numbers k whose abundance is 2: sigma(k) - 2k = 2.
    (comment) Conjecture: There are no terms of other forms. So the next terms of this sequence are likely 2^93*(2^94-3), 2^115*(2^116-3), 2^121*(2^122-3), 2^149*(2^150-3), etc. (End)
A008407  [nonn,nice]  Minimal difference s(n) between beginning and end of n consecutive large prime
    (comment) Conjecture: (i) The sequence a(n)^(1/n) (n=3,4,...) is strictly decreasing (to the limit 1). (ii) We have 0 < a(n)/n - H_n < (gamma + 2)/(log n) for all n > 4, where H_n denotes the harmonic number 1+1/2+1/3+...+1/n, and gamma ref
    (comment) Conjecture: For any integer n > 2, there is 1 < k < n such that 2*n - a(k)- 1 and 2*n - a(k) + 1 are twin primes. Also, every n = 3, 4, ... can be written as p + a(k)/2 with p a prime and k an integer greater than one. - _Zhi-Wei 
A245089  [sign]  The unique integer r with |r| < prime(n)/2 such that B_{prime(n)-2}(1/3) == r 
    (comment) Conjecture: a(n) = 0 infinitely often. In other words, there are infinitely many primes p > 3 such that B_{p-2}(1/3) == 0 (mod p).
A128666  [hard,more,nonn]  Least generalized Wilson prime p such that p^2 divides (n-1)!(p-n)! - (-1)^n; 
    (comment) Conjecture: a(n)>0 for all n.
A242241  [nonn]  Least prime p such that H(2,n) = sum_{k=1..n}1/k^2 == 0 (mod p) but there is n
    (comment) Conjecture: (i) a(n) is prime for any n > 1.
A000521  [easy,nonn,nice,core]  Coefficients of modular function j as power series in q = e^(2 Pi i t). Anothe
    (comment) Conjecture: a(n) with n >= 0 can never be a perfect power. Also, the sequence (a(n+1)/a(n))_{n>=0} is strictly decreasing (to the limit 1). - _Zhi-Wei Sun_, Dec 27 2024
    (formula) Conjecture: Sum_{k>=-1} a(k) / exp(k*Pi) = 66^3 = 287496. - _Simon Plouffe_, Apr 01 2026
A005563  [nonn,easy]  a(n) = n*(n+2) = (n+1)^2 - 1.
    (comment) Conjecture: When using the Sieve of Eratosthenes and sieving (n+1..a(n)), with divisors (1..n) and n>0, there will be no more than a(n-1) composite numbers. - _Fred Daniel Kline_, Apr 08 2016
A260667  [nonn]  a(n) = (1/n^2) * Sum_{k=0..n-1} (2k+1)*S(k,n)^2, where S(k,x) denotes the poly
    (comment) Conjecture: For k = 0,1,2,... define S(k,x):= Sum_{j=0..k} binomial(k,j)*binomial(x,j)*binomial(x+j,j).
    (formula) Conjecture: a(p-1) == 1 (mod p^3) for all primes p >= 5. - _Peter Bala_, Aug 15 2022
A309397  [nonn]  a(n) = gcd(n^2, A001008(n-1)) for n > 1.
    (comment) Conjecture: for n > 3, if a(n) = n^2, then n is a prime.
A000392  [nonn,nice,easy]  Stirling numbers of second kind S(n,3).
    (comment) Conjecture. Let S(1)={1} and, for n > 1, let S(n) be the smallest set containing x, 2x and 3x for each element x in S(n-1). Then a(n+2) is the sum of the elements in S(n). (It is easy to prove that the number of elements in S(n) i
A008278  [nonn,tabl,nice]  Reflected triangle of Stirling numbers of 2nd kind, S(n,n-k+1), n >= 1, 1 <= k
    (comment) Conjecture: also the number of divisors of the superprimorial A006939(n - 1) that have 0 <= k <= n distinct prime factors, all appearing with distinct multiplicities. For example, row n = 4 counts the following divisors of 360:
A002487  [nonn,easy,nice,core,look]  Stern's diatomic series (or Stern-Brocot sequence): a(0) = 0, a(1) = 1; for n 
    (comment) Let f(m,n) be the frequency of the integer n in the interval [a(2^(m-1)), a(2^m-1)]. Let phi(n) be Euler's totient function (A000010). Conjecture: for all integers m,n n<=m f(m,n) = phi(n). - _Yosu Yurramendi_, Sep 08 2014
A000680  [nonn,easy]  a(n) = (2n)!/2^n.
    (comment) Conjecture: For n > 0 (a(n) + 2^n) is a multiple of (2*n + 1) if and only if (2*n + 1) is a prime number. - _Werner Schulte_, Oct 05 2025
A006472  [nonn,easy,nice]  a(n) = n!*(n-1)!/2^(n-1).
    (comment) Conjecture: For n > 1, n divides 2*a(n-1) + 4 if and only if n is prime. - _Werner Schulte_, Oct 04 2020
A105750  [easy,sign]  Real part of Product_{k = 0..n} (1 + k*i), i = sqrt(-1).
    (formula) Conjecture: a(n) -3*a(n-1) +(n^2-n+3)*a(n-2) +(-n^2+4*n-5)*a(n-3)=0. - _R. J. Mathar_, May 23 2014
A090496  [nonn,nice]  Ratio of numerator(Bernoulli(2*n)/(2*n)) to numerator(Bernoulli(2*n)/(2*n*(2*n
    (comment) All values yielding 37 are of the form 574+666*k, k=0,1,2,3,4,... and form thus an arithmetic progression with step 666=18*37=((37-1)/2)*37. All values yielding 59 are of the form 1269+1711*k, k=0,1,2,3 and 1711=28*59=((59-1)/2)*5
A281817  [nonn,easy]  a(n) = 2*Sum_{k odd} k!*Stirling2(n,k)/(k + 1).
    (formula) For prime p, a(p) = 1 (mod p). Conjecture: for prime p, a(2*p) = 1 (mod p).
A027697  [nonn,easy,base]  Odious primes: primes with odd number of 1's in binary expansion.
    (comment) Conjecture: a(n) < A027699(n) except for n = 2; verified up to n=5*10^7. Moreover, I conjecture that A027699(n) - a(n) tends to infinity. - _Vladimir Shevelev_
A328982  [nonn]  Sorted list of the numbers of the form 5m+2 (m>=0) together with numbers of th
    (comment) Conjecture: these are the numbers k such that -k is a term of A328196.
A000009  [nonn,core,easy,nice]  Expansion of Product_{m >= 1} (1 + x^m); number of partitions of n into distin
    (comment) Conjecture: Each positive integer n can be written as a_1 + ... + a_k, where a_1,...,a_k are strict partition numbers (i.e., terms of the current sequence) with no one dividing another. This has been verified for n = 1..1350. - _Z
    (comment) Conjecture: For each integer n > 7, a(n) divides none of p(n), p(n) - 1 and p(n) + 1, where p(n) is the number of partitions of n given by A000041. This has been verified for n up to 10^5. - _Zhi-Wei Sun_, May 20 2023 [Verified fo
A057300  [easy,nonn,base]  Binary counter with odd/even bit positions swapped; base-4 counter with 1's re
    (formula) Conjecture: a(2*n) = -2*a(n) + 5*n, a(2*n+1) = -2*a(n) + 5*n + 2. - _Ralf Stephan_, Oct 11 2003
A353654  [nonn,base,easy]  Numbers whose binary expansion has the same number of trailing 0 bits as other
    (comment) Conjecture: 2*A247648(n-1) + 1 with rewrite 1 -> 1, 01 -> 0 applied to binary expansion is the same as a(n) without trailing 0 bits in binary.
A306921  [nonn,base]  Number of ways of breaking the binary expansion of n into consecutive blocks w
    (comment) Conjecture: n appears A067824(n) times for n > 1.
A000975  [nonn,easy,nice]  a(2n) = 2*a(2n-1), a(2n+1) = 2*a(2n)+1 (also a(n) is the n-th number without c
    (comment) Conjecture: {a(n)} also gives all j for which A048702(j) = A000217(j); i.e., if we take the a(n)-th triangular number (a(n)^2 + a(n))/2 and multiply it by 3, we get a(n)-th even-length binary palindrome A048701(a(n)) concatenated 
    (comment) Conjecture: a(n+1) is the number of compositions of n with two kinds of parts, n and n', where the order of the 1 and 1' does not matter. For n=2, a(3) = 5 compositions, enumerated as follows: 2; 2'; 1,1; 1',1 = 1',1; 1',1'. - _Gr
A030101  [nonn,base,frac,nice,hear,look]  a(n) is the number produced when n is converted to binary digits, the binary d
    (formula) Conjecture: a(n) = 2*w(n) - 2*w(A053645(n)) - 1 for n > 0, where w = A264596. - _Velin Yanev_, Sep 12 2017
A078008  [nonn,easy]  Expansion of (1 - x)/((1 + x)*(1 - 2*x)).
    (comment) Conjecture: a(n) = the number of fractions in the infinite Farey row of 2^n terms with even denominators. Compare the Salamin & Gosper item in the Beeler et al. link. - _Gary W. Adamson_, Oct 27 2003
A000123  [nonn,easy,core,nice]  Number of binary partitions: number of partitions of 2n into powers of 2.
    (formula) Conjecture: Limit_{n ->infinity} (log(n)*a(2n))/(n*a(n)) = c = 1.63... - _Benoit Cloitre_, Jan 26 2003 [The constant c is equal to 2*log(2) = 1.38629436... =A016627. - _Vaclav Kotesovec_, Aug 07 2019]
A116406  [easy,nonn]  Expansion of ((1 + x - 2x^2) + (1+x)*sqrt(1-4x^2))/(2(1-4x^2)).
    (formula) Conjecture: n*(n-3)*a(n) +2*(-n^2+4*n-2)*a(n-1) -4*(n-2)^2*a(n-2) +8*(n-2)*(n-3)*a(n-3)=0. - _R. J. Mathar_, Nov 28 2014
A024206  [nonn,easy,nice]  Expansion of x^2*(1+x-x^2)/((1-x^2)*(1-x)^2).
    (comment) Conjecture: if a(n) = p#(primorial)-1 for some prime number p, then q=(n+1) is also a prime number where p#=floor(q^2/4). Tested up to n=10^100000 no counterexamples are found. It seems that the subsequence is very scattered. So f
A001752  [nonn,easy]  Expansion of 1/((1+x)*(1-x)^5).
    (comment) Conjecture: For n > 2, a(n-3) is the absolute value of the coefficient of the term [x^(n-2)] in the characteristic polynomial of an n X n square matrix M(n) defined as the n-th principal submatrix of the array A010751 whose genera
A006364  [base,nonn,nice,easy]  Numbers k with an even number of 1's in binary, ignoring last bit.
    (formula) Conjecture: a(n) = 2*n + (-1)^(n-A000120(n-1)) - (3+(-1)^n)/2. - _Velin Yanev_, Dec 21 2016
A374571  [sign]  Expansion of g.f. A(x) satisfying A(x) = A(x^2) - x*A(x^2)^2.
    (comment) Conjecture: for n > 0, a(n) is odd iff n = A003714(k) for some k > 0, where A003714 lists Fibbinary numbers whose binary representation contains no two adjacent 1's.
A091892  [nonn]  Numbers k having only one partition into parts which are a sum of exactly as m
    (comment) Conjecture: if the second leftmost bit in the binary expansion of k+1 equals 0, then k is a term if and only if A007814(k+1) >= 2^(f(k)-1) + f(k). Otherwise, k is a term if and only if A007814(k+1) >= 2^f(k). Here f(k) = A086784(k
A359349  [nonn,more]  The initial bits, written from left to right, in the 2-adic limit of the mod 2
    (comment) Conjecture: for all e,B such that 3 <= e < B <= 3*e - 5,
A371673  [nonn]  Expansion of g.f. A(x) satisfying [x^(n-1)] A(x)^(n^2) = A000108(n-1) * n^n fo
    (comment) Conjecture: a(n) is odd for n > 0 iff n = 2*A003714(k) + 1 for some k, where A003714 is the Fibbinary numbers (integers whose binary representation contains no consecutive ones). See A263075, A263190, and A171791.
A381810  [nonn,tabl]  Array read by downward antidiagonals: A(n,k) is a generalization of odd column
    (comment) Conjecture: sequence A(n,k) for fixed n is a polynomial of degree A070939(n).
A000073  [nonn,easy,nice]  Tribonacci numbers: a(n) = a(n-1) + a(n-2) + a(n-3) for n >= 3 with a(0) = a(1
    (formula) Conjecture: the congruence a(n*p^(k+1)) + a(n*p^k) + a(n*p^(k-1)) == 0 (mod p^k) holds for positive integers k and n and for all the primes p listed in A106282. - _Peter Bala_, Dec 28 2022
A007306  [nonn,frac,tabf,nice]  Denominators of Farey tree fractions (i.e., the Stern-Brocot subtree in the ra
    (formula) Conjecture: a(n) = a(n-1) + b(n-1) - 2*(a(n-1) mod b(n-1)) for n > 1 with a(0) = a(1) = 1 where b(n) = a(n) - b(n-1) for n > 1 with b(1) = 1. - _Mikhail Kurkov_, Mar 13 2022
A002895  [nonn,easy,nice,walk]  Domb numbers: number of 2n-step polygons on diamond lattice.
    (comment) Conjecture: Let D(n) be the (n+1) X (n+1) Hankel-type determinant with (i,j)-entry equal to a(i+j) for all i,j = 0..n. Then the number D(n)/12^n is always a positive odd integer. - _Zhi-Wei Sun_, Aug 14 2013
A155200  [nonn]  G.f.: A(x) = exp( Sum_{n>=1} 2^(n^2) * x^n/n ), a power series in x with integ
    (comment) Conjecture: highest exponent of 2 dividing a(n) = A000120(n) = number of 1's in binary expansion of n, so that a(n)/2^A000120(n) is odd for n >= 0. - _Paul D. Hanna_, Sep 01 2009
A232559  [nonn,easy]  Sequence (or tree) generated by these rules: 1 is in S, and if x is in S, then
    (formula) Conjecture: a(n) = A059894(A348366(n)) for n > 0. - _Mikhail Kurkov_, Jun 14 2022
A392819  [nonn]  Numbers k such that p + e divides k for every prime power p^e in the canonical
    (comment) Conjecture: This sequence has natural density 0: the divisibility conditions are stronger than for refactorable numbers (which already have density 0); in particular, for k = Product_{i} p_i^{e_i}, each (p_i + e_i) must be p_n-smo
A057773  [nonn]  a(n) = Sum_{i=1..n} nu_2(prime(i) - 1) where nu_2(m) = exponent of highest pow
    (comment) Conjecture: a(n) ~ 2n. - _Charles R Greathouse IV_, Jun 02 2015
A224523  [nonn]  Let {f_n(k)} be the n-th sequence of Fibonacci-like numbers defined by recursi
    (comment) Conjecture. For n>=1, a(n)>0.
A000961  [nonn,easy,core,nice]  Powers of primes. Alternatively, 1 and the prime powers (p^k, p prime, k >= 1)
    (comment) Conjecture: these are numbers m such that Sum_{k=0..m-1} k^phi(m) == phi(m) (mod m), where phi(m) = A000010(m). - _Thomas Ordowski_ and _Giovanni Resta_, Jul 25 2018
A034699  [nonn,easy,nice]  Largest prime power factor of n.
    (comment) Conjecture: For all n between two consecutive prime numbers, all a(n) are different. - _I. V. Serov_, Jun 19 2019
    (comment) Conjecture: For any N > 0, there exist numbers n and m, N < n < n+a(n) <= m, such that all n..m are composite and a(n) = a(m). - _I. V. Serov_, Jun 21 2019
A051451  [nonn,nice,easy]  a(n) = lcm{ 1,2,...,x } where x is the n-th prime power (A000961).
    (comment) Conjecture: For every n > 2, there exists a twin prime pair [p, p+2] with p < a(n), such that [a(n)+p, a(n)+p+2] is also a twin prime pair. Example: For n=6 we can take p=11, because for a(6) = 420 is [420+11, 420+13] = [431, 433]
    (comment) Conjecture: Every term = A001013(j)*A129912(k) for some j,k. (End)
A267124  [nonn]  Primitive practical numbers: practical numbers that are squarefree or practica
    (comment) Conjecture: every odd number, beginning with 3, is the sum of a prime number and a primitive practical number. This is a tighter conjecture to the conjecture posed by _Hal M. Switkay_ (see A005153).
A140831  [nonn,easy]  Numbers in whose canonical prime factorization the powers of the primes do not
    (comment) Conjecture: There are infinitely many terms k such that k+1 is also a term. - _Mike Jones_, Jun 18 2022
A064234  [nonn]  The least k such that A063994(k) = Product_{primes p dividing k} gcd(p-1, k-1)
    (comment) Conjecture: a(n) = 0 iff n == 2 mod 4 and n+1 is composite, if this conjecture is true, then a(54), a(110), a(294), etc. would be 0.
A065091  [nonn,easy]  Odd primes.
    (comment) Conjecture: a(n) is the smallest odd number m > prime(n) such that Sum_{k=1..prime(n)-1} k^(m-1) == prime(n)-1 (mod m). This is an extension of the Agoh-Giuga conjecture. - _Thomas Ordowski_, Aug 01 2018
A007917  [nonn,easy,nice]  Version 1 of the "previous prime" function: largest prime <= n.
    (formula) Conjecture: a(n) = floor(log(Sum_{k=2..n} exp(A000010(k)+1))). - _Joseph M. Shunia_, Aug 09 2024
A006521  [nonn]  Numbers k such that k divides 2^k + 1.
    (comment) Conjecture: if n divides 2^n+1, then (2^n+1)/n is squarefree. Cf. A272361. - _Thomas Ordowski_, Dec 13 2018
    (comment) Conjecture: For k > 1, k^m == 1 - k (mod m) has an infinite number of positive solutions. - _Juri-Stepan Gerasimov_, Sep 29 2019
A092506  [nonn,hard]  Prime numbers of the form 2^n + 1.
    (comment) Conjecture: these are the only solutions to the equation A000010(x)+A000010(x-1)=floor((3x-2)/2). - _Benoit Cloitre_, Mar 02 2018
A381636  [nonn]  Numbers whose prime indices cannot be partitioned into constant blocks with di
    (comment) Conjecture: These are the zeros of A382876.
A360519  [nonn]  Let C consist of 1 together with all numbers with at least two distinct prime 
    (comment) Conjecture: The sequence is a permutation of C.
A047802  [nonn]  Smallest abundant number (sigma(x) > 2x) which is not divisible by any of the 
    (comment) Conjecture: other than a(1) = 945, all terms are cubefree. (End)
A058340  [nonn]  Primes p such that phi(x) = p-1 has only 2 solutions, namely x = p and x = 2p.
    (comment) Conjecture: if q > 7 is in A005385, then q is in the sequence. - _Thomas Ordowski_, Jan 04 2017
A032357  [easy,nonn]  Convolution of Catalan numbers and powers of -1.
    (formula) Conjecture: (n+1)*a(n) + 3*(-n+1)*a(n-1) + 2*(-2*n+1)*a(n-2) = 0. - _R. J. Mathar_, Nov 30 2012
A331912  [nonn]  Lexicographically earliest sequence of positive integers that have at most one
    (comment) Conjecture: a(n)/A331784(n) -> 1 as n -> infinity.
A045576  [nonn]  Numbers k that divide 3^k + 2^k.
    (comment) Conjecture: Every member of the sequence except 1 is of the form p*m where p is prime and m is in the sequence. (End)
A290694  [sign,tabf,frac]  Triangle read by rows, numerators of coefficients (in rising powers) of ration
    (comment) Let C_k(n) = [x^k] P_n(x), k > 0 and n even. Conjecture: k is a prime factor of Clausen(n) <=> k = denominator(C_k(n)) <=> k does not divide Stirling2(n, k-1)*(k-1)!. (Note that by a comment in A019538 Stirling2(n, k-1)*(k-1)! is 
A072872  [nonn,easy]  a(n) is the smallest positive number k such that n divides 2^k - k.
    (comment) If n is a power of 2, a(n) = n. Conjecture : if n > 47, a(n) < prime(n).
A070251  [nonn]  Unrelated-factorial numbers: product of numbers unrelated to n (numbers which 
    (comment) Conjecture: a(n) is in A055932, and also often in A025487.
    (comment) Conjecture: For n = 2*p, p > 3, gcd(n, a(n)) > 1, rad(n) does not divide a(n), and rad(a(n)) does not divide n, since gpf(n) does not divide a(n). For composite n > 9 not an even squarefree semiprime, n divides a(n). (End)
A082300  [nonn]  Numbers relatively prime to the sum of their prime factors (with repetition).
    (comment) Conjecture: a(n) ~ (Pi^2/6)n. - _Charles R Greathouse IV_, Aug 04 2016
A298299  [nonn,hard,more]  a(n) is the smallest b > 0 such that b^(2n) + 1 has all prime divisors p == 1 
    (comment) Conjecture: a(n) exists for every n. This is implied by the generalized Bunyakovsky conjecture (Schinzel's hypothesis H).
A351743  [nonn]  a(1)=1. Thereafter, a(n+1) is the greatest divisor of s(n) which is prime to a
    (comment) Conjecture: a(n)=1 occurs infinitely many times, and therefore so does a(n)=2.
A084760  [nonn]  Squarefree numbers in ascending order such that the difference of successive t
    (comment) The sequence of first differences is 1, 2, 5, 3, 4, 6, 7, 8, 9, 10, 12, 13, 11, 14, 15, 16, 17, 18, 20, 21, 19, ... Conjecture: (1) every number is a term of this sequence. For every number r there exists some k such that a(k) - a
A113543  [easy,nonn]  Numbers both squarefree and triangle-free.
    (comment) The cardinality (count, enumeration) of these through n equals n - card{squarefree numbers <= n} - card{trianglefree numbers <= n} + card{numbers <= n which are both square and triangular} = n - card{numbers <= n in A005117} - car
A097945  [sign,mult]  a(n) = mu(n)*phi(n) where mu(n) is the Mobius function (A008683) and phi(n) is
    (comment) Conjecture: Sum_{n>=1} mu(n)/phi(n) = Sum_{n>=1} a(n)/phi(n)^2 = 0. It is true that Sum_{n>=1} mu(n)/phi(n)^s = 0 at least for s > 1 since: phi(2)=1, phi is multiplicative, so for n's that are squarefree, the phi(n) values can be 
A059269  [nonn,easy]  Numbers m for which the number of divisors, tau(m), is divisible by 3.
    (formula) Conjecture: a(n) ~ k*n where k = 1/(1 - Product(1 - (p-1)/(p^(3*i)))) = 3.743455... where p ranges over the primes and i ranges over the positive integers. - _Charles R Greathouse IV_, Apr 13 2012
A069051  [nonn]  Primes p such that p-1 divides 2^p-2.
    (comment) Conjecture: if n-1 divides 2^n-2, then (2^n-2)/(n-1) is squarefree.
A067874  [nice,nonn]  Positive integers x satisfying x^2 - D*y^2 = 1 for a unique integer D.
    (comment) Conjecture: All terms of A002110 > 1 are a subsequence. - _Griffin N. Macris_, Apr 11 2016
A337945  [nonn]  Numbers m with a solution (s,t,k) such that s^2 + t^2 = k*m, s + t = m, 1 <= s
    (formula) Conjecture: k is a term <=> k * Clausen(k, 1) <> 2 * Clausen(k, 0), (Clausen = A160014). In other words: k is in this sequence iff it is not an odd squarefree number. - _Peter Luschny_, Jun 08 2023
A295741  [nonn]  a(n) is smallest divisor d of the n-th primorial such that d + prime(n)#/d is 
    (comment) Conjecture: a(n) < prime(n)^2 for n > 0.
A097702  [nonn]  a(n) = (A063880(n) - 108)/216.
    (comment) Conjecture: k is a term iff 6*k+3 is squarefree. - _Vladeta Jovovic_, Aug 27 2004
A339387  [nonn]  a(n) = Sum_{k=1..n} (lcm(n,k)/gcd(n,k) mod k).
    (comment) Conjecture: If a(n) = A339384(n), then n is squarefree. This appears to be true for at least the first 2000 terms.
A378252  [nonn]  Least prime power > 2^n.
    (comment) Conjecture: All terms except 9 are prime. Hence this is the same as A014210 after 9. Confirmed up to n = 1000.
    (comment) Conjecture: if i and j are coprime then b(i,j,t) attains value of 0 iff j is power of 2. If this conjecture and the Wiseman conjecture are true, the consecutive indices of records of the sequence c(d) = totient(d) - d + s(d) (d >=
A321575  [nonn]  Nexus primary pretenders: a(n) is the smallest composite k such that n^k - (n-
    (comment) Conjecture: the only terms of the sequence that are not squarefree are 4, 9 and 49. (End)
A376511  [nonn]  a(1) = 2. For n > 1, if a(n-1) is a novel term, a(n)=A001414(a(n-1)), else if 
    (comment) Row n of table T(n,k) in A064364 lists numbers j such that A001414(j) = n, with T(n,1) = A056240(n), and every term in this sequence is taken from the appropriate row of A064364. When a(n-1) is a novel term a(n) = A001414(a(n-1)),
A322906  [nonn]  The number of zeros in the fundamental Pisano period of the 3-Fibonacci number
    (comment) Conjecture: For primes p == 1, 9, 17, 25, 49, 81 (mod 104), the probability of a(p^e) taking on the value 1, 2, 4 is 1/6, 2/3, 1/6, respectively; for primes p == 29, 53, 61, 69, 77, 101 (mod 104), the probability of a(p^e) taking 
A337212  [nonn]  Modulo 3 Pisano period of 'n-bonacci' series.
    (formula) Conjecture: a(3^k-1)=a(3^k)-3^k-2=3^(2k)-1, a(3^k)=3^k(3^k+1)+1 for k>0. - _Chai Wah Wu_, Sep 15 2020
A092305  [nonn]  Length of period of sequence of Genocchi number of first kind read modulo (2n+
    (formula) Conjecture : a(n)= (2n+1)*prod(p | 2n+1, (p-1)/2)=(2n+1)/(-2)^omega(2n+1)*sum(d | 2n+1, d*mu(d))
A001176  [nonn,easy]  Number of zeros in fundamental period of Fibonacci numbers mod n.
    (formula) a(n) = 2 for n == 0, 3, 7, 8, 12, 15 (mod 20). a(p^e) = 1 if primes p == 11, 19 (mod 20); 4 if p == 13, 17 (mod 20). Conjecture: 1/6 of the primes congruent to 1 or 9 mod 40 satisfy a(p^e) = 1, 2/3 of them satisfy a(p^e) = 2 and 1
A015134  [nonn]  Consider Fibonacci-type sequences b(0)=X, b(1)=Y, b(k)=b(k-1)+b(k-2) mod n; al
    (formula) Conjecture: a(n) >= (n+1)/2. - _Elliot Nutt_, Dec 24 2025
A290601  [nonn,tabf]  Irregular triangle read by rows: T(n, k) gives the least positive integer imin
    (comment) Conjecture:There exists always an imin >= 1 such that the power sequence A290600(n, k)^i (mod A002808(n)) is periodic for i >= imin. Otherwise T(n, k) is undefined, and one could use T(n, k) = -1. See below for a proof.
A282779  [nonn,easy,changed]  Period of cubes mod n.
    (comment) Conjecture: let a_p(n) be the length of the period of the sequence k^p mod n where p is a prime, then a_p(n) = n/p if n == 0 (mod p^2) else a_p(n) = n.
A395522  [nonn,tabl]  Square table read by antidiagonals downwards: T(n,k) is the period of {F^(n)(x
    (comment) Conjecture: each column is eventually constant. See the Math Stack Exchange link below for a more detailed introduction of the background of this conjecture. Note that, since T(n,k) can divide properly T(n-1,A001175(k)), this even
A308828  [nonn]  Number of sequences that include all residues modulo n starting with x_0 = 0 a
    (formula) Conjecture: a(n) = A135616(n)/n.
    (formula) Conjecture: a(n) = phi(n)*A003557(n / gcd(n,2)). - _Andrew Howroyd_, Aug 20 2019
A000122  [nonn,easy,nice]  Expansion of Jacobi theta function theta_3(x) = Sum_{m =-oo..oo} x^(m^2) (numb
    (formula) Conjecture: Sum_{k>=0} a(k) / exp(k*Pi) = Pi^(1/4)/Gamma(3/4) = A175573. - _Simon Plouffe_, Sep 09 2025
A000712  [nonn,easy,nice]  a(n) = number of partitions of n into parts of 2 kinds.
    (formula) Conjecture: : a(n) is divisible by 5 when n is congruent to 2, 3 or 4 modulo 5. (End)
    (formula) Conjecture: a(25*n + 23) is divisible by 25 (checked for n < 400). [added Dec 26 2025: proved by Chen et al., 2016 - see equation 1.14] - _Peter Bala_, Jan 13 2025
A002720  [nonn,easy,nice]  Number of partial permutations of an n-set; number of n X n binary matrices wi
    (comment) Conjecture: a(n)*k is the sum of the largest parts in all integer partitions containing their own first differences with n + 1 parts and least part k. - _John Tyler Rascoe_, Feb 28 2024
A001177  [nonn,changed]  Fibonacci entry points: a(n) = least k >= 1 such that n divides Fibonacci numb
    (comment) Conjecture: Sum_{d|n} phi(d)*a(d) = A232656(n). - _Logan J. Kleinwaks_, Oct 28 2017
A076336  [nonn,hard,nice]  (Provable) Sierpiński numbers: odd numbers n such that for all k >= 1 the numb
    (comment) Conjecture: if S is a (provable) Sierpiński number, then there exists a prime P such that S^p is also a Sierpiński number for every prime p > P. - _Thomas Ordowski_, Jul 12 2022
A004123  [nonn,nice,easy]  Number of generalized weak orders on n points.
    (comment) Conjecture: Let k be a positive integer. The sequence obtained by reducing a(n) modulo k is eventually periodic with the period dividing phi(k) = A000010(k). For example, modulo 7 we obtain the sequence [1, 2, 3, 4, 2, 0, 0, 2, 3,
A002105  [easy,nonn,nice,changed]  Reduced tangent numbers: 2^n*(2^{2n} - 1)*|B_{2n}|/n, where B_n = Bernoulli nu
    (comment) Conjecture: taking the sequence modulo an integer k gives an eventually purely periodic sequence with period dividing phi(k). For example, the sequence taken modulo 10 begins [1, 1, 4, 4, 6, 6, 4, 4, 6, 6, 4, 4, 6, 6, ...] with an
A006154  [nonn,easy,nice]  Number of labeled ordered partitions of an n-set into odd parts.
    (comment) Conjecture: taking the sequence modulo an integer k gives an eventually periodic sequence. For example, the sequence taken modulo 10 is [1, 1, 2, 7, 2, 1, 2, 7, 2, 1, 2, 7, 2, ...], with an apparent period [1, 2, 7, 2] beginning a
A005046  [nonn,easy,nice]  Number of partitions of a 2n-set into even blocks.
    (comment) Conjecture: Taking the sequence modulo an integer k gives an eventually periodic sequence. For example, the sequence taken modulo 10 is [1, 1, 4, 1, 9, 6, 9, 1, 4, 1, 9, 6, 9, 1, 4, 1, 9, 6, 9, ...], with an apparent period [1, 4,
    (formula) Conjecture: a(n) = 2 * exp(-1) * Sum_{k=1..oo} k^(2*n) * BesselI(k, 1) for n > 0. - _Velin Yanev_, Feb 09 2026
A160389  [nonn,cons]  Decimal expansion of 2*cos(Pi/7).
    (formula) Conjecture: Equals lim_{n->oo} A060557(n) / A052975(n). - _Bill McEachen_, Feb 17 2026
A028342  [nonn,easy]  Expansion of Product_{i>=1} (1 - x^i)^(-1/i); also of exp(Sum_{n>=1} (d(n)*x^n
    (formula) Conjecture: log(a(n)/n!) ~ log(2)/2 * log(n)^2. - _Vaclav Kotesovec_, Sep 15 2018
A122399  [nonn,easy]  a(n) = Sum_{k=0..n} k^n * k! * Stirling2(n,k).
    (comment) Conjecture: Let p be prime. The sequence obtained by reducing a(n) modulo p for n >= 1 is purely periodic with period p - 1. For example, modulo 7 the sequence becomes [1, 2, 1, 3, 3, 0, 1, 2, 1, 3, 3, 0, ...], with an apparent pe
A220181  [nonn,nice]  E.g.f.: Sum_{n>=0} (1 - exp(-n*x))^n.
    (comment) Conjecture: Let p be prime. The sequence obtained by reducing a(n) modulo p for n >= 1 is purely periodic with period p - 1. For example, modulo 7 the sequence becomes [1, 0, 3, 0, 0, 1, 1, 0, 3, 0, 0, 1, 1, 0, 3, 0, 0, 1 ...], wi
A002050  [nonn,easy,nice]  Number of simplices in barycentric subdivision of n-simplex.
    (comment) Conjecture: Let k be a positive integer. The sequence obtained by reducing a(n) modulo k is eventually periodic with the period dividing phi(k) = A000010(k). For example, modulo 9 we obtain the sequence [0, 1, 5, 7, 5, 1, 5, 4, 5,
A080253  [easy,nonn]  a(n) is the number of elements in the Coxeter complex of type B_n (or C_n).
    (comment) Conjecture: Let k be a positive integer. The sequence obtained by reducing a(n) modulo k is eventually periodic with the period dividing phi(k) = A000010(k). For example, modulo 7 we obtain the sequence [1, 3, 3, 0, 3, 4, 0, 3, 3,
A006531  [nonn,nice,easy]  Semiorders on n elements.
    (formula) Conjecture: for fixed k = 1,2,..., the sequence a(n) (mod k) is eventually periodic with the exact period dividing phi(k), where phi(k) is Euler's totient function A000010. For example, modulo 10 the sequence becomes (1, 1, 3, 9, 
A167137  [nonn]  E.g.f.: P(exp(x)-1) where P(x) is the g.f. of the partition numbers (A000041).
    (comment) CONJECTURE: Sum_{n>=0} a(n)^m * log(1+x)^n/n! is an integer series in x for all integer m>0; see A167138 and A167139 for examples.
    (comment) Conjecture: Let k be a positive integer. The sequence obtained by reducing a(n) modulo k is eventually periodic with the period dividing phi(k) = A000010(k). For example, modulo 16 we obtain the sequence [1, 1, 5, 15, 1, 7, 1, 7, 
A305550  [nonn]  Expansion of e.g.f. Product_{k>=1} (1 + (exp(x) - 1)^k).
    (comment) Conjecture: Let k be a positive integer. The sequence obtained by reducing a(n) modulo k is eventually periodic with the period dividing phi(k) = A000010(k). For example, modulo 16 we obtain the sequence [1, 1, 3, 3, 7, 3, 15, 11,
A000436  [nonn]  Generalized Euler numbers c(3,n).
    (formula) Conjecture: for each positive integer k, the sequence defined by a(n) (mod k) is eventually periodic with period dividing phi(k). For example, modulo 13 the sequence becomes [1, 8, 1, 9, 12, 10, 0, 8, 1, 9, 12, 10, 0, ...]; after 
A327568  [nonn]  Exponent of the group GL(2, Z_n).
    (formula) Conjecture: a(p^e) = (p^2-1)*p^e for primes p. If this is true, then 24 divides a(n) for n > 2.
A327569  [nonn]  Exponent of the group SL(2, Z_n).
    (formula) Conjecture: a(p^e) = (p^2-1)*p^e/2 for primes p > 2 and 3*2^e for p = 2. If this is true, then 12 divides a(n) for n > 2.
